-- Found ament_cmake: 2.8.8 (/opt/ros/lyrical/share/ament_cmake/cmake)
-- Override CMake install command with custom implementation using symlinks instead of copying resources
-- Found ament_cmake_gtest: 2.8.8 (/opt/ros/lyrical/share/ament_cmake_gtest/cmake)
-- Configuring done (0.6s)
-- Generating done (0.0s)
-- Build files have been written to: /home/sriram/Documents/projects/ros2drone/build/drone_gazebo
[100%] Built target test_world_loading
-- Install configuration: ""
-- Execute custom install script
-- Symlinking: /home/sriram/Documents/projects/ros2drone/install/drone_gazebo/share/drone_gazebo/worlds/house_indoor.sdf
-- Symlinking: /home/sriram/Documents/projects/ros2drone/install/drone_gazebo/share/drone_gazebo/worlds/sar_disaster.world
-- Symlinking: /home/sriram/Documents/projects/ros2drone/install/drone_gazebo/share/drone_gazebo/launch/__pycache__/spawn_drone.launch.cpython-312.pyc
-- Symlinking: /home/sriram/Documents/projects/ros2drone/install/drone_gazebo/share/drone_gazebo/launch/__pycache__/spawn_drone.launch.cpython-314.pyc
-- Symlinking: /home/sriram/Documents/projects/ros2drone/install/drone_gazebo/share/drone_gazebo/launch/spawn_drone.launch.py
-- Symlinking: /home/sriram/Documents/projects/ros2drone/install/drone_gazebo/share/drone_gazebo/config/bridge.yaml
-- Symlinking: /home/sriram/Documents/projects/ros2drone/install/drone_gazebo/lib/drone_gazebo/optical_flow_approx.py
-- Symlinking: /home/sriram/Documents/projects/ros2drone/install/drone_gazebo/share/ament_index/resource_index/package_run_dependencies/drone_gazebo
-- Symlinking: /home/sriram/Documents/projects/ros2drone/install/drone_gazebo/share/ament_index/resource_index/parent_prefix_path/drone_gazebo
-- Symlinking: /home/sriram/Documents/projects/ros2drone/install/drone_gazebo/share/drone_gazebo/environment/ament_prefix_path.sh
-- Symlinking: /home/sriram/Documents/projects/ros2drone/install/drone_gazebo/share/drone_gazebo/environment/ament_prefix_path.dsv
-- Symlinking: /home/sriram/Documents/projects/ros2drone/install/drone_gazebo/share/drone_gazebo/environment/path.sh
-- Symlinking: /home/sriram/Documents/projects/ros2drone/install/drone_gazebo/share/drone_gazebo/environment/path.dsv
-- Symlinking: /home/sriram/Documents/projects/ros2drone/install/drone_gazebo/share/drone_gazebo/local_setup.bash
-- Symlinking: /home/sriram/Documents/projects/ros2drone/install/drone_gazebo/share/drone_gazebo/local_setup.fish
-- Symlinking: /home/sriram/Documents/projects/ros2drone/install/drone_gazebo/share/drone_gazebo/local_setup.sh
-- Symlinking: /home/sriram/Documents/projects/ros2drone/install/drone_gazebo/share/drone_gazebo/local_setup.zsh
-- Symlinking: /home/sriram/Documents/projects/ros2drone/install/drone_gazebo/share/drone_gazebo/local_setup.dsv
-- Symlinking: /home/sriram/Documents/projects/ros2drone/install/drone_gazebo/share/drone_gazebo/package.dsv
-- Symlinking: /home/sriram/Documents/projects/ros2drone/install/drone_gazebo/share/ament_index/resource_index/packages/drone_gazebo
-- Symlinking: /home/sriram/Documents/projects/ros2drone/install/drone_gazebo/share/drone_gazebo/cmake/drone_gazeboConfig.cmake
-- Symlinking: /home/sriram/Documents/projects/ros2drone/install/drone_gazebo/share/drone_gazebo/cmake/drone_gazeboConfig-version.cmake
-- Symlinking: /home/sriram/Documents/projects/ros2drone/install/drone_gazebo/share/drone_gazebo/package.xml
