[0.022s] Invoking command in '/home/sriram/Documents/projects/ros2drone/build/drone_gazebo': CMAKE_PREFIX_PATH=/home/sriram/Documents/projects/ros2drone/install/drone_description:/home/sriram/Documents/projects/ros2drone/install/drone_vision:/home/sriram/Documents/projects/ros2drone/install/drone_bringup:/home/sriram/Documents/projects/ros2drone/install/drone_slam:/home/sriram/Documents/projects/ros2drone/install/drone_navigation:/home/sriram/Documents/projects/ros2drone/install/drone_gazebo:/home/sriram/Documents/projects/ros2drone/install/drone_control:/opt/ros/lyrical/opt/gz_sim_vendor:/opt/ros/lyrical/opt/gz_sensors_vendor:/opt/ros/lyrical/opt/gz_gui_vendor:/opt/ros/lyrical/opt/gz_transport_vendor:/opt/ros/lyrical/opt/gz_physics_vendor:/opt/ros/lyrical/opt/sdformat_vendor:/opt/ros/lyrical/opt/gz_rendering_vendor:/opt/ros/lyrical/opt/gz_plugin_vendor:/opt/ros/lyrical/opt/gz_fuel_tools_vendor:/opt/ros/lyrical/opt/gz_msgs_vendor:/opt/ros/lyrical/opt/gz_common_vendor:/opt/ros/lyrical/opt/gz_math_vendor:/opt/ros/lyrical/opt/gz_utils_vendor:/opt/ros/lyrical/opt/gz_tools_vendor:/opt/ros/lyrical/opt/gz_ogre_next_vendor:/opt/ros/lyrical/opt/gz_dartsim_vendor:/opt/ros/lyrical/opt/gz_cmake_vendor:/opt/ros/lyrical DEBUGINFOD_URLS=https://debuginfod.ubuntu.com PS1=\[\e]0;\u@\h: \w\a\]${debian_chroot:+($debian_chroot)}\[\033[01;32m\]\u@\h\[\033[00m\]:\[\033[01;34m\]\w\[\033[00m\]\$ VIRTUAL_ENV_PROMPT=(venv-ardupilot) /usr/bin/cmake /home/sriram/Documents/projects/ros2drone/src/drone_gazebo -DAMENT_CMAKE_SYMLINK_INSTALL=1 -DCMAKE_INSTALL_PREFIX=/home/sriram/Documents/projects/ros2drone/install/drone_gazebo
[0.040s] [0mCMake Deprecation Warning at CMakeLists.txt:1 (cmake_minimum_required):
[0.040s]   Compatibility with CMake < 3.10 will be removed from a future version of
[0.040s]   CMake.
[0.040s] 
[0.041s]   Update the VERSION argument <min> value.  Or, use the <min>...<max> syntax
[0.041s]   to tell CMake that the project requires at least <min> but has been updated
[0.041s]   to work with policies introduced by <max> or earlier.
[0.041s] 
[0.041s] [0m
[0.053s] -- Found ament_cmake: 2.8.8 (/opt/ros/lyrical/share/ament_cmake/cmake)
[0.380s] -- Override CMake install command with custom implementation using symlinks instead of copying resources
[0.414s] -- Found ament_cmake_gtest: 2.8.8 (/opt/ros/lyrical/share/ament_cmake_gtest/cmake)
[0.628s] -- Configuring done (0.6s)
[0.666s] -- Generating done (0.0s)
[0.677s] -- Build files have been written to: /home/sriram/Documents/projects/ros2drone/build/drone_gazebo
[0.680s] Invoked command in '/home/sriram/Documents/projects/ros2drone/build/drone_gazebo' returned '0': CMAKE_PREFIX_PATH=/home/sriram/Documents/projects/ros2drone/install/drone_description:/home/sriram/Documents/projects/ros2drone/install/drone_vision:/home/sriram/Documents/projects/ros2drone/install/drone_bringup:/home/sriram/Documents/projects/ros2drone/install/drone_slam:/home/sriram/Documents/projects/ros2drone/install/drone_navigation:/home/sriram/Documents/projects/ros2drone/install/drone_gazebo:/home/sriram/Documents/projects/ros2drone/install/drone_control:/opt/ros/lyrical/opt/gz_sim_vendor:/opt/ros/lyrical/opt/gz_sensors_vendor:/opt/ros/lyrical/opt/gz_gui_vendor:/opt/ros/lyrical/opt/gz_transport_vendor:/opt/ros/lyrical/opt/gz_physics_vendor:/opt/ros/lyrical/opt/sdformat_vendor:/opt/ros/lyrical/opt/gz_rendering_vendor:/opt/ros/lyrical/opt/gz_plugin_vendor:/opt/ros/lyrical/opt/gz_fuel_tools_vendor:/opt/ros/lyrical/opt/gz_msgs_vendor:/opt/ros/lyrical/opt/gz_common_vendor:/opt/ros/lyrical/opt/gz_math_vendor:/opt/ros/lyrical/opt/gz_utils_vendor:/opt/ros/lyrical/opt/gz_tools_vendor:/opt/ros/lyrical/opt/gz_ogre_next_vendor:/opt/ros/lyrical/opt/gz_dartsim_vendor:/opt/ros/lyrical/opt/gz_cmake_vendor:/opt/ros/lyrical DEBUGINFOD_URLS=https://debuginfod.ubuntu.com PS1=\[\e]0;\u@\h: \w\a\]${debian_chroot:+($debian_chroot)}\[\033[01;32m\]\u@\h\[\033[00m\]:\[\033[01;34m\]\w\[\033[00m\]\$ VIRTUAL_ENV_PROMPT=(venv-ardupilot) /usr/bin/cmake /home/sriram/Documents/projects/ros2drone/src/drone_gazebo -DAMENT_CMAKE_SYMLINK_INSTALL=1 -DCMAKE_INSTALL_PREFIX=/home/sriram/Documents/projects/ros2drone/install/drone_gazebo
[0.682s] Invoking command in '/home/sriram/Documents/projects/ros2drone/build/drone_gazebo': CMAKE_PREFIX_PATH=/home/sriram/Documents/projects/ros2drone/install/drone_description:/home/sriram/Documents/projects/ros2drone/install/drone_vision:/home/sriram/Documents/projects/ros2drone/install/drone_bringup:/home/sriram/Documents/projects/ros2drone/install/drone_slam:/home/sriram/Documents/projects/ros2drone/install/drone_navigation:/home/sriram/Documents/projects/ros2drone/install/drone_gazebo:/home/sriram/Documents/projects/ros2drone/install/drone_control:/opt/ros/lyrical/opt/gz_sim_vendor:/opt/ros/lyrical/opt/gz_sensors_vendor:/opt/ros/lyrical/opt/gz_gui_vendor:/opt/ros/lyrical/opt/gz_transport_vendor:/opt/ros/lyrical/opt/gz_physics_vendor:/opt/ros/lyrical/opt/sdformat_vendor:/opt/ros/lyrical/opt/gz_rendering_vendor:/opt/ros/lyrical/opt/gz_plugin_vendor:/opt/ros/lyrical/opt/gz_fuel_tools_vendor:/opt/ros/lyrical/opt/gz_msgs_vendor:/opt/ros/lyrical/opt/gz_common_vendor:/opt/ros/lyrical/opt/gz_math_vendor:/opt/ros/lyrical/opt/gz_utils_vendor:/opt/ros/lyrical/opt/gz_tools_vendor:/opt/ros/lyrical/opt/gz_ogre_next_vendor:/opt/ros/lyrical/opt/gz_dartsim_vendor:/opt/ros/lyrical/opt/gz_cmake_vendor:/opt/ros/lyrical DEBUGINFOD_URLS=https://debuginfod.ubuntu.com PS1=\[\e]0;\u@\h: \w\a\]${debian_chroot:+($debian_chroot)}\[\033[01;32m\]\u@\h\[\033[00m\]:\[\033[01;34m\]\w\[\033[00m\]\$ VIRTUAL_ENV_PROMPT=(venv-ardupilot) /usr/bin/cmake --build /home/sriram/Documents/projects/ros2drone/build/drone_gazebo -- -j8 -l8
[0.769s] [100%] Built target test_world_loading
[0.784s] Invoked command in '/home/sriram/Documents/projects/ros2drone/build/drone_gazebo' returned '0': CMAKE_PREFIX_PATH=/home/sriram/Documents/projects/ros2drone/install/drone_description:/home/sriram/Documents/projects/ros2drone/install/drone_vision:/home/sriram/Documents/projects/ros2drone/install/drone_bringup:/home/sriram/Documents/projects/ros2drone/install/drone_slam:/home/sriram/Documents/projects/ros2drone/install/drone_navigation:/home/sriram/Documents/projects/ros2drone/install/drone_gazebo:/home/sriram/Documents/projects/ros2drone/install/drone_control:/opt/ros/lyrical/opt/gz_sim_vendor:/opt/ros/lyrical/opt/gz_sensors_vendor:/opt/ros/lyrical/opt/gz_gui_vendor:/opt/ros/lyrical/opt/gz_transport_vendor:/opt/ros/lyrical/opt/gz_physics_vendor:/opt/ros/lyrical/opt/sdformat_vendor:/opt/ros/lyrical/opt/gz_rendering_vendor:/opt/ros/lyrical/opt/gz_plugin_vendor:/opt/ros/lyrical/opt/gz_fuel_tools_vendor:/opt/ros/lyrical/opt/gz_msgs_vendor:/opt/ros/lyrical/opt/gz_common_vendor:/opt/ros/lyrical/opt/gz_math_vendor:/opt/ros/lyrical/opt/gz_utils_vendor:/opt/ros/lyrical/opt/gz_tools_vendor:/opt/ros/lyrical/opt/gz_ogre_next_vendor:/opt/ros/lyrical/opt/gz_dartsim_vendor:/opt/ros/lyrical/opt/gz_cmake_vendor:/opt/ros/lyrical DEBUGINFOD_URLS=https://debuginfod.ubuntu.com PS1=\[\e]0;\u@\h: \w\a\]${debian_chroot:+($debian_chroot)}\[\033[01;32m\]\u@\h\[\033[00m\]:\[\033[01;34m\]\w\[\033[00m\]\$ VIRTUAL_ENV_PROMPT=(venv-ardupilot) /usr/bin/cmake --build /home/sriram/Documents/projects/ros2drone/build/drone_gazebo -- -j8 -l8
[0.786s] Invoking command in '/home/sriram/Documents/projects/ros2drone/build/drone_gazebo': CMAKE_PREFIX_PATH=/home/sriram/Documents/projects/ros2drone/install/drone_description:/home/sriram/Documents/projects/ros2drone/install/drone_vision:/home/sriram/Documents/projects/ros2drone/install/drone_bringup:/home/sriram/Documents/projects/ros2drone/install/drone_slam:/home/sriram/Documents/projects/ros2drone/install/drone_navigation:/home/sriram/Documents/projects/ros2drone/install/drone_gazebo:/home/sriram/Documents/projects/ros2drone/install/drone_control:/opt/ros/lyrical/opt/gz_sim_vendor:/opt/ros/lyrical/opt/gz_sensors_vendor:/opt/ros/lyrical/opt/gz_gui_vendor:/opt/ros/lyrical/opt/gz_transport_vendor:/opt/ros/lyrical/opt/gz_physics_vendor:/opt/ros/lyrical/opt/sdformat_vendor:/opt/ros/lyrical/opt/gz_rendering_vendor:/opt/ros/lyrical/opt/gz_plugin_vendor:/opt/ros/lyrical/opt/gz_fuel_tools_vendor:/opt/ros/lyrical/opt/gz_msgs_vendor:/opt/ros/lyrical/opt/gz_common_vendor:/opt/ros/lyrical/opt/gz_math_vendor:/opt/ros/lyrical/opt/gz_utils_vendor:/opt/ros/lyrical/opt/gz_tools_vendor:/opt/ros/lyrical/opt/gz_ogre_next_vendor:/opt/ros/lyrical/opt/gz_dartsim_vendor:/opt/ros/lyrical/opt/gz_cmake_vendor:/opt/ros/lyrical DEBUGINFOD_URLS=https://debuginfod.ubuntu.com PS1=\[\e]0;\u@\h: \w\a\]${debian_chroot:+($debian_chroot)}\[\033[01;32m\]\u@\h\[\033[00m\]:\[\033[01;34m\]\w\[\033[00m\]\$ VIRTUAL_ENV_PROMPT=(venv-ardupilot) /usr/bin/cmake --install /home/sriram/Documents/projects/ros2drone/build/drone_gazebo
[0.797s] -- Install configuration: ""
[0.797s] -- Execute custom install script
[0.798s] -- Symlinking: /home/sriram/Documents/projects/ros2drone/install/drone_gazebo/share/drone_gazebo/worlds/house_indoor.sdf
[0.815s] -- Symlinking: /home/sriram/Documents/projects/ros2drone/install/drone_gazebo/share/drone_gazebo/worlds/sar_disaster.world
[0.830s] -- Symlinking: /home/sriram/Documents/projects/ros2drone/install/drone_gazebo/share/drone_gazebo/launch/__pycache__/spawn_drone.launch.cpython-312.pyc
[0.843s] -- Symlinking: /home/sriram/Documents/projects/ros2drone/install/drone_gazebo/share/drone_gazebo/launch/__pycache__/spawn_drone.launch.cpython-314.pyc
[0.855s] -- Symlinking: /home/sriram/Documents/projects/ros2drone/install/drone_gazebo/share/drone_gazebo/launch/spawn_drone.launch.py
[0.867s] -- Symlinking: /home/sriram/Documents/projects/ros2drone/install/drone_gazebo/share/drone_gazebo/config/bridge.yaml
[0.879s] -- Symlinking: /home/sriram/Documents/projects/ros2drone/install/drone_gazebo/lib/drone_gazebo/optical_flow_approx.py
[0.892s] -- Symlinking: /home/sriram/Documents/projects/ros2drone/install/drone_gazebo/share/ament_index/resource_index/package_run_dependencies/drone_gazebo
[0.904s] -- Symlinking: /home/sriram/Documents/projects/ros2drone/install/drone_gazebo/share/ament_index/resource_index/parent_prefix_path/drone_gazebo
[0.917s] -- Symlinking: /home/sriram/Documents/projects/ros2drone/install/drone_gazebo/share/drone_gazebo/environment/ament_prefix_path.sh
[0.930s] -- Symlinking: /home/sriram/Documents/projects/ros2drone/install/drone_gazebo/share/drone_gazebo/environment/ament_prefix_path.dsv
[0.943s] -- Symlinking: /home/sriram/Documents/projects/ros2drone/install/drone_gazebo/share/drone_gazebo/environment/path.sh
[0.955s] -- Symlinking: /home/sriram/Documents/projects/ros2drone/install/drone_gazebo/share/drone_gazebo/environment/path.dsv
[0.967s] -- Symlinking: /home/sriram/Documents/projects/ros2drone/install/drone_gazebo/share/drone_gazebo/local_setup.bash
[0.981s] -- Symlinking: /home/sriram/Documents/projects/ros2drone/install/drone_gazebo/share/drone_gazebo/local_setup.fish
[0.994s] -- Symlinking: /home/sriram/Documents/projects/ros2drone/install/drone_gazebo/share/drone_gazebo/local_setup.sh
[1.009s] -- Symlinking: /home/sriram/Documents/projects/ros2drone/install/drone_gazebo/share/drone_gazebo/local_setup.zsh
[1.024s] -- Symlinking: /home/sriram/Documents/projects/ros2drone/install/drone_gazebo/share/drone_gazebo/local_setup.dsv
[1.037s] -- Symlinking: /home/sriram/Documents/projects/ros2drone/install/drone_gazebo/share/drone_gazebo/package.dsv
[1.049s] -- Symlinking: /home/sriram/Documents/projects/ros2drone/install/drone_gazebo/share/ament_index/resource_index/packages/drone_gazebo
[1.061s] -- Symlinking: /home/sriram/Documents/projects/ros2drone/install/drone_gazebo/share/drone_gazebo/cmake/drone_gazeboConfig.cmake
[1.074s] -- Symlinking: /home/sriram/Documents/projects/ros2drone/install/drone_gazebo/share/drone_gazebo/cmake/drone_gazeboConfig-version.cmake
[1.087s] -- Symlinking: /home/sriram/Documents/projects/ros2drone/install/drone_gazebo/share/drone_gazebo/package.xml
[1.112s] Invoked command in '/home/sriram/Documents/projects/ros2drone/build/drone_gazebo' returned '0': CMAKE_PREFIX_PATH=/home/sriram/Documents/projects/ros2drone/install/drone_description:/home/sriram/Documents/projects/ros2drone/install/drone_vision:/home/sriram/Documents/projects/ros2drone/install/drone_bringup:/home/sriram/Documents/projects/ros2drone/install/drone_slam:/home/sriram/Documents/projects/ros2drone/install/drone_navigation:/home/sriram/Documents/projects/ros2drone/install/drone_gazebo:/home/sriram/Documents/projects/ros2drone/install/drone_control:/opt/ros/lyrical/opt/gz_sim_vendor:/opt/ros/lyrical/opt/gz_sensors_vendor:/opt/ros/lyrical/opt/gz_gui_vendor:/opt/ros/lyrical/opt/gz_transport_vendor:/opt/ros/lyrical/opt/gz_physics_vendor:/opt/ros/lyrical/opt/sdformat_vendor:/opt/ros/lyrical/opt/gz_rendering_vendor:/opt/ros/lyrical/opt/gz_plugin_vendor:/opt/ros/lyrical/opt/gz_fuel_tools_vendor:/opt/ros/lyrical/opt/gz_msgs_vendor:/opt/ros/lyrical/opt/gz_common_vendor:/opt/ros/lyrical/opt/gz_math_vendor:/opt/ros/lyrical/opt/gz_utils_vendor:/opt/ros/lyrical/opt/gz_tools_vendor:/opt/ros/lyrical/opt/gz_ogre_next_vendor:/opt/ros/lyrical/opt/gz_dartsim_vendor:/opt/ros/lyrical/opt/gz_cmake_vendor:/opt/ros/lyrical DEBUGINFOD_URLS=https://debuginfod.ubuntu.com PS1=\[\e]0;\u@\h: \w\a\]${debian_chroot:+($debian_chroot)}\[\033[01;32m\]\u@\h\[\033[00m\]:\[\033[01;34m\]\w\[\033[00m\]\$ VIRTUAL_ENV_PROMPT=(venv-ardupilot) /usr/bin/cmake --install /home/sriram/Documents/projects/ros2drone/build/drone_gazebo
