[0.025s] Invoking command in '/home/sriram/Documents/projects/ros2drone/build/drone_bringup': CMAKE_PREFIX_PATH=/home/sriram/Documents/projects/ros2drone/install/drone_gazebo:/home/sriram/Documents/projects/ros2drone/install/drone_slam:/home/sriram/Documents/projects/ros2drone/install/drone_navigation:/home/sriram/Documents/projects/ros2drone/install/drone_description:/home/sriram/Documents/projects/ros2drone/install/drone_control:/home/sriram/Documents/projects/ros2drone/install/drone_vision:/home/sriram/Documents/projects/ros2drone/install/drone_bringup:/opt/ros/lyrical/opt/gz_sim_vendor:/opt/ros/lyrical/opt/gz_sensors_vendor:/opt/ros/lyrical/opt/gz_gui_vendor:/opt/ros/lyrical/opt/gz_transport_vendor:/opt/ros/lyrical/opt/gz_physics_vendor:/opt/ros/lyrical/opt/sdformat_vendor:/opt/ros/lyrical/opt/gz_rendering_vendor:/opt/ros/lyrical/opt/gz_plugin_vendor:/opt/ros/lyrical/opt/gz_fuel_tools_vendor:/opt/ros/lyrical/opt/gz_msgs_vendor:/opt/ros/lyrical/opt/gz_common_vendor:/opt/ros/lyrical/opt/gz_math_vendor:/opt/ros/lyrical/opt/gz_utils_vendor:/opt/ros/lyrical/opt/gz_tools_vendor:/opt/ros/lyrical/opt/gz_ogre_next_vendor:/opt/ros/lyrical/opt/gz_dartsim_vendor:/opt/ros/lyrical/opt/gz_cmake_vendor:/opt/ros/lyrical DEBUGINFOD_URLS=https://debuginfod.ubuntu.com PS1=\[\e]0;\u@\h: \w\a\]${debian_chroot:+($debian_chroot)}\[\033[01;32m\]\u@\h\[\033[00m\]:\[\033[01;34m\]\w\[\033[00m\]\$ VIRTUAL_ENV_PROMPT=(venv-ardupilot) /usr/bin/cmake /home/sriram/Documents/projects/ros2drone/src/drone_bringup -DAMENT_CMAKE_SYMLINK_INSTALL=1 -DCMAKE_INSTALL_PREFIX=/home/sriram/Documents/projects/ros2drone/install/drone_bringup
[0.039s] [0mCMake Deprecation Warning at CMakeLists.txt:1 (cmake_minimum_required):
[0.039s]   Compatibility with CMake < 3.10 will be removed from a future version of
[0.039s]   CMake.
[0.039s] 
[0.040s]   Update the VERSION argument <min> value.  Or, use the <min>...<max> syntax
[0.040s]   to tell CMake that the project requires at least <min> but has been updated
[0.040s]   to work with policies introduced by <max> or earlier.
[0.040s] 
[0.040s] [0m
[0.052s] -- Found ament_cmake: 2.8.8 (/opt/ros/lyrical/share/ament_cmake/cmake)
[0.398s] -- Override CMake install command with custom implementation using symlinks instead of copying resources
[0.408s] -- Found ament_lint_auto: 0.20.6 (/opt/ros/lyrical/share/ament_lint_auto/cmake)
[0.561s] -- Added test 'copyright' to check source files copyright and LICENSE
[0.563s] -- Added test 'flake8' to check Python code syntax and style conventions
[0.564s] -- Configured 'flake8' exclude dirs and/or files: 
[0.564s] -- Added test 'lint_cmake' to check CMake code style
[0.566s] -- Added test 'pep257' to check Python code against some of the docstring style conventions in PEP 257
[0.567s] -- Added test 'xmllint' to check XML markup files
[0.569s] -- Configuring done (0.5s)
[0.576s] -- Generating done (0.0s)
[0.578s] -- Build files have been written to: /home/sriram/Documents/projects/ros2drone/build/drone_bringup
[0.582s] Invoked command in '/home/sriram/Documents/projects/ros2drone/build/drone_bringup' returned '0': CMAKE_PREFIX_PATH=/home/sriram/Documents/projects/ros2drone/install/drone_gazebo:/home/sriram/Documents/projects/ros2drone/install/drone_slam:/home/sriram/Documents/projects/ros2drone/install/drone_navigation:/home/sriram/Documents/projects/ros2drone/install/drone_description:/home/sriram/Documents/projects/ros2drone/install/drone_control:/home/sriram/Documents/projects/ros2drone/install/drone_vision:/home/sriram/Documents/projects/ros2drone/install/drone_bringup:/opt/ros/lyrical/opt/gz_sim_vendor:/opt/ros/lyrical/opt/gz_sensors_vendor:/opt/ros/lyrical/opt/gz_gui_vendor:/opt/ros/lyrical/opt/gz_transport_vendor:/opt/ros/lyrical/opt/gz_physics_vendor:/opt/ros/lyrical/opt/sdformat_vendor:/opt/ros/lyrical/opt/gz_rendering_vendor:/opt/ros/lyrical/opt/gz_plugin_vendor:/opt/ros/lyrical/opt/gz_fuel_tools_vendor:/opt/ros/lyrical/opt/gz_msgs_vendor:/opt/ros/lyrical/opt/gz_common_vendor:/opt/ros/lyrical/opt/gz_math_vendor:/opt/ros/lyrical/opt/gz_utils_vendor:/opt/ros/lyrical/opt/gz_tools_vendor:/opt/ros/lyrical/opt/gz_ogre_next_vendor:/opt/ros/lyrical/opt/gz_dartsim_vendor:/opt/ros/lyrical/opt/gz_cmake_vendor:/opt/ros/lyrical DEBUGINFOD_URLS=https://debuginfod.ubuntu.com PS1=\[\e]0;\u@\h: \w\a\]${debian_chroot:+($debian_chroot)}\[\033[01;32m\]\u@\h\[\033[00m\]:\[\033[01;34m\]\w\[\033[00m\]\$ VIRTUAL_ENV_PROMPT=(venv-ardupilot) /usr/bin/cmake /home/sriram/Documents/projects/ros2drone/src/drone_bringup -DAMENT_CMAKE_SYMLINK_INSTALL=1 -DCMAKE_INSTALL_PREFIX=/home/sriram/Documents/projects/ros2drone/install/drone_bringup
[0.583s] Invoking command in '/home/sriram/Documents/projects/ros2drone/build/drone_bringup': CMAKE_PREFIX_PATH=/home/sriram/Documents/projects/ros2drone/install/drone_gazebo:/home/sriram/Documents/projects/ros2drone/install/drone_slam:/home/sriram/Documents/projects/ros2drone/install/drone_navigation:/home/sriram/Documents/projects/ros2drone/install/drone_description:/home/sriram/Documents/projects/ros2drone/install/drone_control:/home/sriram/Documents/projects/ros2drone/install/drone_vision:/home/sriram/Documents/projects/ros2drone/install/drone_bringup:/opt/ros/lyrical/opt/gz_sim_vendor:/opt/ros/lyrical/opt/gz_sensors_vendor:/opt/ros/lyrical/opt/gz_gui_vendor:/opt/ros/lyrical/opt/gz_transport_vendor:/opt/ros/lyrical/opt/gz_physics_vendor:/opt/ros/lyrical/opt/sdformat_vendor:/opt/ros/lyrical/opt/gz_rendering_vendor:/opt/ros/lyrical/opt/gz_plugin_vendor:/opt/ros/lyrical/opt/gz_fuel_tools_vendor:/opt/ros/lyrical/opt/gz_msgs_vendor:/opt/ros/lyrical/opt/gz_common_vendor:/opt/ros/lyrical/opt/gz_math_vendor:/opt/ros/lyrical/opt/gz_utils_vendor:/opt/ros/lyrical/opt/gz_tools_vendor:/opt/ros/lyrical/opt/gz_ogre_next_vendor:/opt/ros/lyrical/opt/gz_dartsim_vendor:/opt/ros/lyrical/opt/gz_cmake_vendor:/opt/ros/lyrical DEBUGINFOD_URLS=https://debuginfod.ubuntu.com PS1=\[\e]0;\u@\h: \w\a\]${debian_chroot:+($debian_chroot)}\[\033[01;32m\]\u@\h\[\033[00m\]:\[\033[01;34m\]\w\[\033[00m\]\$ VIRTUAL_ENV_PROMPT=(venv-ardupilot) /usr/bin/cmake --build /home/sriram/Documents/projects/ros2drone/build/drone_bringup -- -j8 -l8
[0.638s] Invoked command in '/home/sriram/Documents/projects/ros2drone/build/drone_bringup' returned '0': CMAKE_PREFIX_PATH=/home/sriram/Documents/projects/ros2drone/install/drone_gazebo:/home/sriram/Documents/projects/ros2drone/install/drone_slam:/home/sriram/Documents/projects/ros2drone/install/drone_navigation:/home/sriram/Documents/projects/ros2drone/install/drone_description:/home/sriram/Documents/projects/ros2drone/install/drone_control:/home/sriram/Documents/projects/ros2drone/install/drone_vision:/home/sriram/Documents/projects/ros2drone/install/drone_bringup:/opt/ros/lyrical/opt/gz_sim_vendor:/opt/ros/lyrical/opt/gz_sensors_vendor:/opt/ros/lyrical/opt/gz_gui_vendor:/opt/ros/lyrical/opt/gz_transport_vendor:/opt/ros/lyrical/opt/gz_physics_vendor:/opt/ros/lyrical/opt/sdformat_vendor:/opt/ros/lyrical/opt/gz_rendering_vendor:/opt/ros/lyrical/opt/gz_plugin_vendor:/opt/ros/lyrical/opt/gz_fuel_tools_vendor:/opt/ros/lyrical/opt/gz_msgs_vendor:/opt/ros/lyrical/opt/gz_common_vendor:/opt/ros/lyrical/opt/gz_math_vendor:/opt/ros/lyrical/opt/gz_utils_vendor:/opt/ros/lyrical/opt/gz_tools_vendor:/opt/ros/lyrical/opt/gz_ogre_next_vendor:/opt/ros/lyrical/opt/gz_dartsim_vendor:/opt/ros/lyrical/opt/gz_cmake_vendor:/opt/ros/lyrical DEBUGINFOD_URLS=https://debuginfod.ubuntu.com PS1=\[\e]0;\u@\h: \w\a\]${debian_chroot:+($debian_chroot)}\[\033[01;32m\]\u@\h\[\033[00m\]:\[\033[01;34m\]\w\[\033[00m\]\$ VIRTUAL_ENV_PROMPT=(venv-ardupilot) /usr/bin/cmake --build /home/sriram/Documents/projects/ros2drone/build/drone_bringup -- -j8 -l8
[0.639s] Invoking command in '/home/sriram/Documents/projects/ros2drone/build/drone_bringup': CMAKE_PREFIX_PATH=/home/sriram/Documents/projects/ros2drone/install/drone_gazebo:/home/sriram/Documents/projects/ros2drone/install/drone_slam:/home/sriram/Documents/projects/ros2drone/install/drone_navigation:/home/sriram/Documents/projects/ros2drone/install/drone_description:/home/sriram/Documents/projects/ros2drone/install/drone_control:/home/sriram/Documents/projects/ros2drone/install/drone_vision:/home/sriram/Documents/projects/ros2drone/install/drone_bringup:/opt/ros/lyrical/opt/gz_sim_vendor:/opt/ros/lyrical/opt/gz_sensors_vendor:/opt/ros/lyrical/opt/gz_gui_vendor:/opt/ros/lyrical/opt/gz_transport_vendor:/opt/ros/lyrical/opt/gz_physics_vendor:/opt/ros/lyrical/opt/sdformat_vendor:/opt/ros/lyrical/opt/gz_rendering_vendor:/opt/ros/lyrical/opt/gz_plugin_vendor:/opt/ros/lyrical/opt/gz_fuel_tools_vendor:/opt/ros/lyrical/opt/gz_msgs_vendor:/opt/ros/lyrical/opt/gz_common_vendor:/opt/ros/lyrical/opt/gz_math_vendor:/opt/ros/lyrical/opt/gz_utils_vendor:/opt/ros/lyrical/opt/gz_tools_vendor:/opt/ros/lyrical/opt/gz_ogre_next_vendor:/opt/ros/lyrical/opt/gz_dartsim_vendor:/opt/ros/lyrical/opt/gz_cmake_vendor:/opt/ros/lyrical DEBUGINFOD_URLS=https://debuginfod.ubuntu.com PS1=\[\e]0;\u@\h: \w\a\]${debian_chroot:+($debian_chroot)}\[\033[01;32m\]\u@\h\[\033[00m\]:\[\033[01;34m\]\w\[\033[00m\]\$ VIRTUAL_ENV_PROMPT=(venv-ardupilot) /usr/bin/cmake --install /home/sriram/Documents/projects/ros2drone/build/drone_bringup
[0.649s] -- Install configuration: ""
[0.649s] -- Execute custom install script
[0.649s] -- Symlinking: /home/sriram/Documents/projects/ros2drone/install/drone_bringup/share/drone_bringup/launch/__pycache__/simulation.launch.cpython-312.pyc
[0.662s] -- Symlinking: /home/sriram/Documents/projects/ros2drone/install/drone_bringup/share/drone_bringup/launch/__pycache__/simulation.launch.cpython-314.pyc
[0.674s] -- Symlinking: /home/sriram/Documents/projects/ros2drone/install/drone_bringup/share/drone_bringup/launch/simulation.launch.py
[0.689s] -- Symlinking: /home/sriram/Documents/projects/ros2drone/install/drone_bringup/share/drone_bringup/rviz/drone.rviz
[0.702s] -- Symlinking: /home/sriram/Documents/projects/ros2drone/install/drone_bringup/share/ament_index/resource_index/package_run_dependencies/drone_bringup
[0.714s] -- Symlinking: /home/sriram/Documents/projects/ros2drone/install/drone_bringup/share/ament_index/resource_index/parent_prefix_path/drone_bringup
[0.728s] -- Symlinking: /home/sriram/Documents/projects/ros2drone/install/drone_bringup/share/drone_bringup/environment/ament_prefix_path.sh
[0.739s] -- Symlinking: /home/sriram/Documents/projects/ros2drone/install/drone_bringup/share/drone_bringup/environment/ament_prefix_path.dsv
[0.751s] -- Symlinking: /home/sriram/Documents/projects/ros2drone/install/drone_bringup/share/drone_bringup/environment/path.sh
[0.763s] -- Symlinking: /home/sriram/Documents/projects/ros2drone/install/drone_bringup/share/drone_bringup/environment/path.dsv
[0.775s] -- Symlinking: /home/sriram/Documents/projects/ros2drone/install/drone_bringup/share/drone_bringup/local_setup.bash
[0.787s] -- Symlinking: /home/sriram/Documents/projects/ros2drone/install/drone_bringup/share/drone_bringup/local_setup.fish
[0.800s] -- Symlinking: /home/sriram/Documents/projects/ros2drone/install/drone_bringup/share/drone_bringup/local_setup.sh
[0.812s] -- Symlinking: /home/sriram/Documents/projects/ros2drone/install/drone_bringup/share/drone_bringup/local_setup.zsh
[0.824s] -- Symlinking: /home/sriram/Documents/projects/ros2drone/install/drone_bringup/share/drone_bringup/local_setup.dsv
[0.836s] -- Symlinking: /home/sriram/Documents/projects/ros2drone/install/drone_bringup/share/drone_bringup/package.dsv
[0.847s] -- Symlinking: /home/sriram/Documents/projects/ros2drone/install/drone_bringup/share/ament_index/resource_index/packages/drone_bringup
[0.859s] -- Symlinking: /home/sriram/Documents/projects/ros2drone/install/drone_bringup/share/drone_bringup/cmake/drone_bringupConfig.cmake
[0.873s] -- Symlinking: /home/sriram/Documents/projects/ros2drone/install/drone_bringup/share/drone_bringup/cmake/drone_bringupConfig-version.cmake
[0.887s] -- Symlinking: /home/sriram/Documents/projects/ros2drone/install/drone_bringup/share/drone_bringup/package.xml
[0.904s] Invoked command in '/home/sriram/Documents/projects/ros2drone/build/drone_bringup' returned '0': CMAKE_PREFIX_PATH=/home/sriram/Documents/projects/ros2drone/install/drone_gazebo:/home/sriram/Documents/projects/ros2drone/install/drone_slam:/home/sriram/Documents/projects/ros2drone/install/drone_navigation:/home/sriram/Documents/projects/ros2drone/install/drone_description:/home/sriram/Documents/projects/ros2drone/install/drone_control:/home/sriram/Documents/projects/ros2drone/install/drone_vision:/home/sriram/Documents/projects/ros2drone/install/drone_bringup:/opt/ros/lyrical/opt/gz_sim_vendor:/opt/ros/lyrical/opt/gz_sensors_vendor:/opt/ros/lyrical/opt/gz_gui_vendor:/opt/ros/lyrical/opt/gz_transport_vendor:/opt/ros/lyrical/opt/gz_physics_vendor:/opt/ros/lyrical/opt/sdformat_vendor:/opt/ros/lyrical/opt/gz_rendering_vendor:/opt/ros/lyrical/opt/gz_plugin_vendor:/opt/ros/lyrical/opt/gz_fuel_tools_vendor:/opt/ros/lyrical/opt/gz_msgs_vendor:/opt/ros/lyrical/opt/gz_common_vendor:/opt/ros/lyrical/opt/gz_math_vendor:/opt/ros/lyrical/opt/gz_utils_vendor:/opt/ros/lyrical/opt/gz_tools_vendor:/opt/ros/lyrical/opt/gz_ogre_next_vendor:/opt/ros/lyrical/opt/gz_dartsim_vendor:/opt/ros/lyrical/opt/gz_cmake_vendor:/opt/ros/lyrical DEBUGINFOD_URLS=https://debuginfod.ubuntu.com PS1=\[\e]0;\u@\h: \w\a\]${debian_chroot:+($debian_chroot)}\[\033[01;32m\]\u@\h\[\033[00m\]:\[\033[01;34m\]\w\[\033[00m\]\$ VIRTUAL_ENV_PROMPT=(venv-ardupilot) /usr/bin/cmake --install /home/sriram/Documents/projects/ros2drone/build/drone_bringup
