CMake Deprecation Warning at CMakeLists.txt:1 (cmake_minimum_required):
  Compatibility with CMake < 3.10 will be removed from a future version of
  CMake.

  Update the VERSION argument <min> value.  Or, use the <min>...<max> syntax
  to tell CMake that the project requires at least <min> but has been updated
  to work with policies introduced by <max> or earlier.


-- The C compiler identification is GNU 15.2.0
-- The CXX compiler identification is GNU 15.2.0
-- Detecting C compiler ABI info
-- Detecting C compiler ABI info - done
-- Check for working C compiler: /usr/bin/cc - skipped
-- Detecting C compile features
-- Detecting C compile features - done
-- Detecting CXX compiler ABI info
-- Detecting CXX compiler ABI info - done
-- Check for working CXX compiler: /usr/bin/c++ - skipped
-- Detecting CXX compile features
-- Detecting CXX compile features - done
-- Found ament_cmake: 2.8.8 (/opt/ros/lyrical/share/ament_cmake/cmake)
-- Found ament_lint_auto: 0.20.6 (/opt/ros/lyrical/share/ament_lint_auto/cmake)
-- Added test 'copyright' to check source files copyright and LICENSE
-- Added test 'flake8' to check Python code syntax and style conventions
-- Configured 'flake8' exclude dirs and/or files: 
-- Added test 'lint_cmake' to check CMake code style
-- Added test 'pep257' to check Python code against some of the docstring style conventions in PEP 257
-- Added test 'xmllint' to check XML markup files
-- Configuring done (3.5s)
-- Generating done (0.0s)
CMake Warning:
  Manually-specified variables were not used by the project:

    PYTHON_EXECUTABLE


-- Build files have been written to: /home/sriram/Documents/projects/ros2drone/build/drone_vision
-- Install configuration: ""
-- Installing: /home/sriram/Documents/projects/ros2drone/install/drone_vision/lib/drone_vision/yolov26n_simulator.py
-- Installing: /home/sriram/Documents/projects/ros2drone/install/drone_vision/share/ament_index/resource_index/package_run_dependencies/drone_vision
-- Installing: /home/sriram/Documents/projects/ros2drone/install/drone_vision/share/ament_index/resource_index/parent_prefix_path/drone_vision
-- Installing: /home/sriram/Documents/projects/ros2drone/install/drone_vision/share/drone_vision/environment/ament_prefix_path.sh
-- Installing: /home/sriram/Documents/projects/ros2drone/install/drone_vision/share/drone_vision/environment/ament_prefix_path.dsv
-- Installing: /home/sriram/Documents/projects/ros2drone/install/drone_vision/share/drone_vision/environment/path.sh
-- Installing: /home/sriram/Documents/projects/ros2drone/install/drone_vision/share/drone_vision/environment/path.dsv
-- Installing: /home/sriram/Documents/projects/ros2drone/install/drone_vision/share/drone_vision/local_setup.bash
-- Installing: /home/sriram/Documents/projects/ros2drone/install/drone_vision/share/drone_vision/local_setup.fish
-- Installing: /home/sriram/Documents/projects/ros2drone/install/drone_vision/share/drone_vision/local_setup.sh
-- Installing: /home/sriram/Documents/projects/ros2drone/install/drone_vision/share/drone_vision/local_setup.zsh
-- Installing: /home/sriram/Documents/projects/ros2drone/install/drone_vision/share/drone_vision/local_setup.dsv
-- Installing: /home/sriram/Documents/projects/ros2drone/install/drone_vision/share/drone_vision/package.dsv
-- Installing: /home/sriram/Documents/projects/ros2drone/install/drone_vision/share/ament_index/resource_index/packages/drone_vision
-- Installing: /home/sriram/Documents/projects/ros2drone/install/drone_vision/share/drone_vision/cmake/drone_visionConfig.cmake
-- Installing: /home/sriram/Documents/projects/ros2drone/install/drone_vision/share/drone_vision/cmake/drone_visionConfig-version.cmake
-- Installing: /home/sriram/Documents/projects/ros2drone/install/drone_vision/share/drone_vision/package.xml
