[0.055s] Invoking command in '/home/sriram/Documents/projects/ros2drone/build/drone_vision': CMAKE_PREFIX_PATH=${CMAKE_PREFIX_PATH}:/opt/ros/lyrical DEBUGINFOD_URLS=https://debuginfod.ubuntu.com VIRTUAL_ENV_PROMPT=(venv-ardupilot) /usr/bin/cmake /home/sriram/Documents/projects/ros2drone/src/drone_vision -DPython3_EXECUTABLE=/usr/bin/python3 -DPYTHON_EXECUTABLE=/usr/bin/python3 -DCMAKE_INSTALL_PREFIX=/home/sriram/Documents/projects/ros2drone/install/drone_vision
[0.097s] CMake Deprecation Warning at CMakeLists.txt:1 (cmake_minimum_required):
[0.097s]   Compatibility with CMake < 3.10 will be removed from a future version of
[0.097s]   CMake.
[0.098s] 
[0.098s]   Update the VERSION argument <min> value.  Or, use the <min>...<max> syntax
[0.098s]   to tell CMake that the project requires at least <min> but has been updated
[0.098s]   to work with policies introduced by <max> or earlier.
[0.098s] 
[0.098s] 
[0.408s] -- The C compiler identification is GNU 15.2.0
[0.850s] -- The CXX compiler identification is GNU 15.2.0
[0.892s] -- Detecting C compiler ABI info
[1.306s] -- Detecting C compiler ABI info - done
[1.401s] -- Check for working C compiler: /usr/bin/cc - skipped
[1.404s] -- Detecting C compile features
[1.405s] -- Detecting C compile features - done
[1.458s] -- Detecting CXX compiler ABI info
[1.843s] -- Detecting CXX compiler ABI info - done
[1.911s] -- Check for working CXX compiler: /usr/bin/c++ - skipped
[1.914s] -- Detecting CXX compile features
[1.920s] -- Detecting CXX compile features - done
[1.958s] -- Found ament_cmake: 2.8.8 (/opt/ros/lyrical/share/ament_cmake/cmake)
[3.032s] -- Found ament_lint_auto: 0.20.6 (/opt/ros/lyrical/share/ament_lint_auto/cmake)
[3.597s] -- Added test 'copyright' to check source files copyright and LICENSE
[3.603s] -- Added test 'flake8' to check Python code syntax and style conventions
[3.604s] -- Configured 'flake8' exclude dirs and/or files: 
[3.609s] -- Added test 'lint_cmake' to check CMake code style
[3.612s] -- Added test 'pep257' to check Python code against some of the docstring style conventions in PEP 257
[3.619s] -- Added test 'xmllint' to check XML markup files
[3.626s] -- Configuring done (3.5s)
[3.672s] -- Generating done (0.0s)
[3.673s] CMake Warning:
[3.673s]   Manually-specified variables were not used by the project:
[3.673s] 
[3.673s]     PYTHON_EXECUTABLE
[3.673s] 
[3.673s] 
[3.692s] -- Build files have been written to: /home/sriram/Documents/projects/ros2drone/build/drone_vision
[3.829s] Invoked command in '/home/sriram/Documents/projects/ros2drone/build/drone_vision' returned '0': CMAKE_PREFIX_PATH=${CMAKE_PREFIX_PATH}:/opt/ros/lyrical DEBUGINFOD_URLS=https://debuginfod.ubuntu.com VIRTUAL_ENV_PROMPT=(venv-ardupilot) /usr/bin/cmake /home/sriram/Documents/projects/ros2drone/src/drone_vision -DPython3_EXECUTABLE=/usr/bin/python3 -DPYTHON_EXECUTABLE=/usr/bin/python3 -DCMAKE_INSTALL_PREFIX=/home/sriram/Documents/projects/ros2drone/install/drone_vision
[3.832s] Invoking command in '/home/sriram/Documents/projects/ros2drone/build/drone_vision': CMAKE_PREFIX_PATH=${CMAKE_PREFIX_PATH}:/opt/ros/lyrical DEBUGINFOD_URLS=https://debuginfod.ubuntu.com VIRTUAL_ENV_PROMPT=(venv-ardupilot) /usr/bin/cmake --build /home/sriram/Documents/projects/ros2drone/build/drone_vision -- -j8 -l8
[3.982s] Invoked command in '/home/sriram/Documents/projects/ros2drone/build/drone_vision' returned '0': CMAKE_PREFIX_PATH=${CMAKE_PREFIX_PATH}:/opt/ros/lyrical DEBUGINFOD_URLS=https://debuginfod.ubuntu.com VIRTUAL_ENV_PROMPT=(venv-ardupilot) /usr/bin/cmake --build /home/sriram/Documents/projects/ros2drone/build/drone_vision -- -j8 -l8
[3.991s] Invoking command in '/home/sriram/Documents/projects/ros2drone/build/drone_vision': CMAKE_PREFIX_PATH=${CMAKE_PREFIX_PATH}:/opt/ros/lyrical DEBUGINFOD_URLS=https://debuginfod.ubuntu.com VIRTUAL_ENV_PROMPT=(venv-ardupilot) /usr/bin/cmake --install /home/sriram/Documents/projects/ros2drone/build/drone_vision
[4.020s] -- Install configuration: ""
[4.023s] -- Installing: /home/sriram/Documents/projects/ros2drone/install/drone_vision/lib/drone_vision/yolov26n_simulator.py
[4.026s] -- Installing: /home/sriram/Documents/projects/ros2drone/install/drone_vision/share/ament_index/resource_index/package_run_dependencies/drone_vision
[4.026s] -- Installing: /home/sriram/Documents/projects/ros2drone/install/drone_vision/share/ament_index/resource_index/parent_prefix_path/drone_vision
[4.026s] -- Installing: /home/sriram/Documents/projects/ros2drone/install/drone_vision/share/drone_vision/environment/ament_prefix_path.sh
[4.027s] -- Installing: /home/sriram/Documents/projects/ros2drone/install/drone_vision/share/drone_vision/environment/ament_prefix_path.dsv
[4.027s] -- Installing: /home/sriram/Documents/projects/ros2drone/install/drone_vision/share/drone_vision/environment/path.sh
[4.027s] -- Installing: /home/sriram/Documents/projects/ros2drone/install/drone_vision/share/drone_vision/environment/path.dsv
[4.028s] -- Installing: /home/sriram/Documents/projects/ros2drone/install/drone_vision/share/drone_vision/local_setup.bash
[4.028s] -- Installing: /home/sriram/Documents/projects/ros2drone/install/drone_vision/share/drone_vision/local_setup.fish
[4.028s] -- Installing: /home/sriram/Documents/projects/ros2drone/install/drone_vision/share/drone_vision/local_setup.sh
[4.032s] -- Installing: /home/sriram/Documents/projects/ros2drone/install/drone_vision/share/drone_vision/local_setup.zsh
[4.032s] -- Installing: /home/sriram/Documents/projects/ros2drone/install/drone_vision/share/drone_vision/local_setup.dsv
[4.032s] -- Installing: /home/sriram/Documents/projects/ros2drone/install/drone_vision/share/drone_vision/package.dsv
[4.032s] -- Installing: /home/sriram/Documents/projects/ros2drone/install/drone_vision/share/ament_index/resource_index/packages/drone_vision
[4.033s] -- Installing: /home/sriram/Documents/projects/ros2drone/install/drone_vision/share/drone_vision/cmake/drone_visionConfig.cmake
[4.033s] -- Installing: /home/sriram/Documents/projects/ros2drone/install/drone_vision/share/drone_vision/cmake/drone_visionConfig-version.cmake
[4.033s] -- Installing: /home/sriram/Documents/projects/ros2drone/install/drone_vision/share/drone_vision/package.xml
[4.084s] Invoked command in '/home/sriram/Documents/projects/ros2drone/build/drone_vision' returned '0': CMAKE_PREFIX_PATH=${CMAKE_PREFIX_PATH}:/opt/ros/lyrical DEBUGINFOD_URLS=https://debuginfod.ubuntu.com VIRTUAL_ENV_PROMPT=(venv-ardupilot) /usr/bin/cmake --install /home/sriram/Documents/projects/ros2drone/build/drone_vision
