-- The C compiler identification is GNU 15.2.0
-- The CXX compiler identification is GNU 15.2.0
-- Detecting C compiler ABI info
-- Detecting C compiler ABI info - done
-- Check for working C compiler: /usr/bin/cc - skipped
-- Detecting C compile features
-- Detecting C compile features - done
-- Detecting CXX compiler ABI info
-- Detecting CXX compiler ABI info - done
-- Check for working CXX compiler: /usr/bin/c++ - skipped
-- Detecting CXX compile features
-- Detecting CXX compile features - done
-- Found ament_cmake: 2.8.8 (/opt/ros/lyrical/share/ament_cmake/cmake)
-- Found ament_lint_auto: 0.20.6 (/opt/ros/lyrical/share/ament_lint_auto/cmake)
-- Added test 'copyright' to check source files copyright and LICENSE
-- Added test 'flake8' to check Python code syntax and style conventions
-- Configured 'flake8' exclude dirs and/or files: 
-- Added test 'lint_cmake' to check CMake code style
-- Added test 'pep257' to check Python code against some of the docstring style conventions in PEP 257
-- Added test 'xmllint' to check XML markup files
-- Configuring done (2.7s)
-- Generating done (0.0s)
-- Build files have been written to: /home/sriram/Documents/projects/ros2drone/build/drone_bringup
-- Install configuration: ""
-- Installing: /home/sriram/Documents/projects/ros2drone/install/drone_bringup/share/drone_bringup/launch
-- Installing: /home/sriram/Documents/projects/ros2drone/install/drone_bringup/share/drone_bringup/launch/__pycache__
-- Installing: /home/sriram/Documents/projects/ros2drone/install/drone_bringup/share/drone_bringup/launch/__pycache__/simulation.launch.cpython-312.pyc
-- Installing: /home/sriram/Documents/projects/ros2drone/install/drone_bringup/share/drone_bringup/launch/__pycache__/simulation.launch.cpython-314.pyc
-- Installing: /home/sriram/Documents/projects/ros2drone/install/drone_bringup/share/drone_bringup/launch/simulation.launch.py
-- Installing: /home/sriram/Documents/projects/ros2drone/install/drone_bringup/share/drone_bringup/rviz
-- Installing: /home/sriram/Documents/projects/ros2drone/install/drone_bringup/share/drone_bringup/rviz/drone.rviz
-- Installing: /home/sriram/Documents/projects/ros2drone/install/drone_bringup/share/ament_index/resource_index/package_run_dependencies/drone_bringup
-- Installing: /home/sriram/Documents/projects/ros2drone/install/drone_bringup/share/ament_index/resource_index/parent_prefix_path/drone_bringup
-- Installing: /home/sriram/Documents/projects/ros2drone/install/drone_bringup/share/drone_bringup/environment/ament_prefix_path.sh
-- Installing: /home/sriram/Documents/projects/ros2drone/install/drone_bringup/share/drone_bringup/environment/ament_prefix_path.dsv
-- Installing: /home/sriram/Documents/projects/ros2drone/install/drone_bringup/share/drone_bringup/environment/path.sh
-- Installing: /home/sriram/Documents/projects/ros2drone/install/drone_bringup/share/drone_bringup/environment/path.dsv
-- Installing: /home/sriram/Documents/projects/ros2drone/install/drone_bringup/share/drone_bringup/local_setup.bash
-- Installing: /home/sriram/Documents/projects/ros2drone/install/drone_bringup/share/drone_bringup/local_setup.fish
-- Installing: /home/sriram/Documents/projects/ros2drone/install/drone_bringup/share/drone_bringup/local_setup.sh
-- Installing: /home/sriram/Documents/projects/ros2drone/install/drone_bringup/share/drone_bringup/local_setup.zsh
-- Installing: /home/sriram/Documents/projects/ros2drone/install/drone_bringup/share/drone_bringup/local_setup.dsv
-- Installing: /home/sriram/Documents/projects/ros2drone/install/drone_bringup/share/drone_bringup/package.dsv
-- Installing: /home/sriram/Documents/projects/ros2drone/install/drone_bringup/share/ament_index/resource_index/packages/drone_bringup
-- Installing: /home/sriram/Documents/projects/ros2drone/install/drone_bringup/share/drone_bringup/cmake/drone_bringupConfig.cmake
-- Installing: /home/sriram/Documents/projects/ros2drone/install/drone_bringup/share/drone_bringup/cmake/drone_bringupConfig-version.cmake
-- Installing: /home/sriram/Documents/projects/ros2drone/install/drone_bringup/share/drone_bringup/package.xml
