[0.053s] Invoking command in '/home/sriram/Documents/projects/ros2drone/build/drone_bringup': AMENT_PREFIX_PATH=/home/sriram/Documents/projects/ros2drone/install/drone_gazebo:/home/sriram/Documents/projects/ros2drone/install/drone_slam:/home/sriram/Documents/projects/ros2drone/install/drone_navigation:/home/sriram/Documents/projects/ros2drone/install/drone_description:/home/sriram/Documents/projects/ros2drone/install/drone_control:${AMENT_PREFIX_PATH} CMAKE_PREFIX_PATH=/home/sriram/Documents/projects/ros2drone/install/drone_gazebo:/home/sriram/Documents/projects/ros2drone/install/drone_slam:/home/sriram/Documents/projects/ros2drone/install/drone_navigation:/home/sriram/Documents/projects/ros2drone/install/drone_description:/home/sriram/Documents/projects/ros2drone/install/drone_control:/opt/ros/lyrical/opt/gz_sim_vendor:/opt/ros/lyrical/opt/gz_sensors_vendor:/opt/ros/lyrical/opt/gz_gui_vendor:/opt/ros/lyrical/opt/gz_transport_vendor:/opt/ros/lyrical/opt/gz_physics_vendor:/opt/ros/lyrical/opt/sdformat_vendor:/opt/ros/lyrical/opt/gz_rendering_vendor:/opt/ros/lyrical/opt/gz_plugin_vendor:/opt/ros/lyrical/opt/gz_fuel_tools_vendor:/opt/ros/lyrical/opt/gz_msgs_vendor:/opt/ros/lyrical/opt/gz_common_vendor:/opt/ros/lyrical/opt/gz_math_vendor:/opt/ros/lyrical/opt/gz_utils_vendor:/opt/ros/lyrical/opt/gz_tools_vendor:/opt/ros/lyrical/opt/gz_ogre_next_vendor:/opt/ros/lyrical/opt/gz_dartsim_vendor:/opt/ros/lyrical/opt/gz_cmake_vendor:/opt/ros/lyrical DEBUGINFOD_URLS=https://debuginfod.ubuntu.com LD_LIBRARY_PATH=/home/sriram/Documents/projects/ros2drone/install/drone_slam/lib:${LD_LIBRARY_PATH} PYTHONPATH=/home/sriram/Documents/projects/ros2drone/install/drone_slam/lib/python3.14/site-packages:${PYTHONPATH} VIRTUAL_ENV_PROMPT=(venv-ardupilot) /usr/bin/cmake /home/sriram/Documents/projects/ros2drone/src/drone_bringup -DPython3_EXECUTABLE=/usr/bin/python3 -DPYTHON_EXECUTABLE=/usr/bin/python3 -DCMAKE_INSTALL_PREFIX=/home/sriram/Documents/projects/ros2drone/install/drone_bringup
[0.082s] CMake Deprecation Warning at CMakeLists.txt:1 (cmake_minimum_required):
[0.082s]   Compatibility with CMake < 3.10 will be removed from a future version of
[0.082s]   CMake.
[0.082s] 
[0.082s]   Update the VERSION argument <min> value.  Or, use the <min>...<max> syntax
[0.083s]   to tell CMake that the project requires at least <min> but has been updated
[0.083s]   to work with policies introduced by <max> or earlier.
[0.083s] 
[0.083s] 
[0.257s] -- The C compiler identification is GNU 15.2.0
[0.490s] -- The CXX compiler identification is GNU 15.2.0
[0.516s] -- Detecting C compiler ABI info
[0.777s] -- Detecting C compiler ABI info - done
[0.829s] -- Check for working C compiler: /usr/bin/cc - skipped
[0.830s] -- Detecting C compile features
[0.831s] -- Detecting C compile features - done
[0.878s] -- Detecting CXX compiler ABI info
[1.158s] -- Detecting CXX compiler ABI info - done
[1.217s] -- Check for working CXX compiler: /usr/bin/c++ - skipped
[1.218s] -- Detecting CXX compile features
[1.221s] -- Detecting CXX compile features - done
[1.261s] -- Found ament_cmake: 2.8.8 (/opt/ros/lyrical/share/ament_cmake/cmake)
[2.213s] -- Found ament_lint_auto: 0.20.6 (/opt/ros/lyrical/share/ament_lint_auto/cmake)
[2.716s] -- Added test 'copyright' to check source files copyright and LICENSE
[2.724s] -- Added test 'flake8' to check Python code syntax and style conventions
[2.725s] -- Configured 'flake8' exclude dirs and/or files: 
[2.728s] -- Added test 'lint_cmake' to check CMake code style
[2.733s] -- Added test 'pep257' to check Python code against some of the docstring style conventions in PEP 257
[2.738s] -- Added test 'xmllint' to check XML markup files
[2.746s] -- Configuring done (2.7s)
[2.758s] -- Generating done (0.0s)
[2.759s] CMake Warning:
[2.759s]   Manually-specified variables were not used by the project:
[2.759s] 
[2.760s]     PYTHON_EXECUTABLE
[2.760s] 
[2.760s] 
[2.764s] -- Build files have been written to: /home/sriram/Documents/projects/ros2drone/build/drone_bringup
[2.777s] Invoked command in '/home/sriram/Documents/projects/ros2drone/build/drone_bringup' returned '0': AMENT_PREFIX_PATH=/home/sriram/Documents/projects/ros2drone/install/drone_gazebo:/home/sriram/Documents/projects/ros2drone/install/drone_slam:/home/sriram/Documents/projects/ros2drone/install/drone_navigation:/home/sriram/Documents/projects/ros2drone/install/drone_description:/home/sriram/Documents/projects/ros2drone/install/drone_control:${AMENT_PREFIX_PATH} CMAKE_PREFIX_PATH=/home/sriram/Documents/projects/ros2drone/install/drone_gazebo:/home/sriram/Documents/projects/ros2drone/install/drone_slam:/home/sriram/Documents/projects/ros2drone/install/drone_navigation:/home/sriram/Documents/projects/ros2drone/install/drone_description:/home/sriram/Documents/projects/ros2drone/install/drone_control:/opt/ros/lyrical/opt/gz_sim_vendor:/opt/ros/lyrical/opt/gz_sensors_vendor:/opt/ros/lyrical/opt/gz_gui_vendor:/opt/ros/lyrical/opt/gz_transport_vendor:/opt/ros/lyrical/opt/gz_physics_vendor:/opt/ros/lyrical/opt/sdformat_vendor:/opt/ros/lyrical/opt/gz_rendering_vendor:/opt/ros/lyrical/opt/gz_plugin_vendor:/opt/ros/lyrical/opt/gz_fuel_tools_vendor:/opt/ros/lyrical/opt/gz_msgs_vendor:/opt/ros/lyrical/opt/gz_common_vendor:/opt/ros/lyrical/opt/gz_math_vendor:/opt/ros/lyrical/opt/gz_utils_vendor:/opt/ros/lyrical/opt/gz_tools_vendor:/opt/ros/lyrical/opt/gz_ogre_next_vendor:/opt/ros/lyrical/opt/gz_dartsim_vendor:/opt/ros/lyrical/opt/gz_cmake_vendor:/opt/ros/lyrical DEBUGINFOD_URLS=https://debuginfod.ubuntu.com LD_LIBRARY_PATH=/home/sriram/Documents/projects/ros2drone/install/drone_slam/lib:${LD_LIBRARY_PATH} PYTHONPATH=/home/sriram/Documents/projects/ros2drone/install/drone_slam/lib/python3.14/site-packages:${PYTHONPATH} VIRTUAL_ENV_PROMPT=(venv-ardupilot) /usr/bin/cmake /home/sriram/Documents/projects/ros2drone/src/drone_bringup -DPython3_EXECUTABLE=/usr/bin/python3 -DPYTHON_EXECUTABLE=/usr/bin/python3 -DCMAKE_INSTALL_PREFIX=/home/sriram/Documents/projects/ros2drone/install/drone_bringup
[2.780s] Invoking command in '/home/sriram/Documents/projects/ros2drone/build/drone_bringup': AMENT_PREFIX_PATH=/home/sriram/Documents/projects/ros2drone/install/drone_gazebo:/home/sriram/Documents/projects/ros2drone/install/drone_slam:/home/sriram/Documents/projects/ros2drone/install/drone_navigation:/home/sriram/Documents/projects/ros2drone/install/drone_description:/home/sriram/Documents/projects/ros2drone/install/drone_control:${AMENT_PREFIX_PATH} CMAKE_PREFIX_PATH=/home/sriram/Documents/projects/ros2drone/install/drone_gazebo:/home/sriram/Documents/projects/ros2drone/install/drone_slam:/home/sriram/Documents/projects/ros2drone/install/drone_navigation:/home/sriram/Documents/projects/ros2drone/install/drone_description:/home/sriram/Documents/projects/ros2drone/install/drone_control:/opt/ros/lyrical/opt/gz_sim_vendor:/opt/ros/lyrical/opt/gz_sensors_vendor:/opt/ros/lyrical/opt/gz_gui_vendor:/opt/ros/lyrical/opt/gz_transport_vendor:/opt/ros/lyrical/opt/gz_physics_vendor:/opt/ros/lyrical/opt/sdformat_vendor:/opt/ros/lyrical/opt/gz_rendering_vendor:/opt/ros/lyrical/opt/gz_plugin_vendor:/opt/ros/lyrical/opt/gz_fuel_tools_vendor:/opt/ros/lyrical/opt/gz_msgs_vendor:/opt/ros/lyrical/opt/gz_common_vendor:/opt/ros/lyrical/opt/gz_math_vendor:/opt/ros/lyrical/opt/gz_utils_vendor:/opt/ros/lyrical/opt/gz_tools_vendor:/opt/ros/lyrical/opt/gz_ogre_next_vendor:/opt/ros/lyrical/opt/gz_dartsim_vendor:/opt/ros/lyrical/opt/gz_cmake_vendor:/opt/ros/lyrical DEBUGINFOD_URLS=https://debuginfod.ubuntu.com LD_LIBRARY_PATH=/home/sriram/Documents/projects/ros2drone/install/drone_slam/lib:${LD_LIBRARY_PATH} PYTHONPATH=/home/sriram/Documents/projects/ros2drone/install/drone_slam/lib/python3.14/site-packages:${PYTHONPATH} VIRTUAL_ENV_PROMPT=(venv-ardupilot) /usr/bin/cmake --build /home/sriram/Documents/projects/ros2drone/build/drone_bringup -- -j8 -l8
[2.902s] Invoked command in '/home/sriram/Documents/projects/ros2drone/build/drone_bringup' returned '0': AMENT_PREFIX_PATH=/home/sriram/Documents/projects/ros2drone/install/drone_gazebo:/home/sriram/Documents/projects/ros2drone/install/drone_slam:/home/sriram/Documents/projects/ros2drone/install/drone_navigation:/home/sriram/Documents/projects/ros2drone/install/drone_description:/home/sriram/Documents/projects/ros2drone/install/drone_control:${AMENT_PREFIX_PATH} CMAKE_PREFIX_PATH=/home/sriram/Documents/projects/ros2drone/install/drone_gazebo:/home/sriram/Documents/projects/ros2drone/install/drone_slam:/home/sriram/Documents/projects/ros2drone/install/drone_navigation:/home/sriram/Documents/projects/ros2drone/install/drone_description:/home/sriram/Documents/projects/ros2drone/install/drone_control:/opt/ros/lyrical/opt/gz_sim_vendor:/opt/ros/lyrical/opt/gz_sensors_vendor:/opt/ros/lyrical/opt/gz_gui_vendor:/opt/ros/lyrical/opt/gz_transport_vendor:/opt/ros/lyrical/opt/gz_physics_vendor:/opt/ros/lyrical/opt/sdformat_vendor:/opt/ros/lyrical/opt/gz_rendering_vendor:/opt/ros/lyrical/opt/gz_plugin_vendor:/opt/ros/lyrical/opt/gz_fuel_tools_vendor:/opt/ros/lyrical/opt/gz_msgs_vendor:/opt/ros/lyrical/opt/gz_common_vendor:/opt/ros/lyrical/opt/gz_math_vendor:/opt/ros/lyrical/opt/gz_utils_vendor:/opt/ros/lyrical/opt/gz_tools_vendor:/opt/ros/lyrical/opt/gz_ogre_next_vendor:/opt/ros/lyrical/opt/gz_dartsim_vendor:/opt/ros/lyrical/opt/gz_cmake_vendor:/opt/ros/lyrical DEBUGINFOD_URLS=https://debuginfod.ubuntu.com LD_LIBRARY_PATH=/home/sriram/Documents/projects/ros2drone/install/drone_slam/lib:${LD_LIBRARY_PATH} PYTHONPATH=/home/sriram/Documents/projects/ros2drone/install/drone_slam/lib/python3.14/site-packages:${PYTHONPATH} VIRTUAL_ENV_PROMPT=(venv-ardupilot) /usr/bin/cmake --build /home/sriram/Documents/projects/ros2drone/build/drone_bringup -- -j8 -l8
[2.903s] Invoking command in '/home/sriram/Documents/projects/ros2drone/build/drone_bringup': AMENT_PREFIX_PATH=/home/sriram/Documents/projects/ros2drone/install/drone_gazebo:/home/sriram/Documents/projects/ros2drone/install/drone_slam:/home/sriram/Documents/projects/ros2drone/install/drone_navigation:/home/sriram/Documents/projects/ros2drone/install/drone_description:/home/sriram/Documents/projects/ros2drone/install/drone_control:${AMENT_PREFIX_PATH} CMAKE_PREFIX_PATH=/home/sriram/Documents/projects/ros2drone/install/drone_gazebo:/home/sriram/Documents/projects/ros2drone/install/drone_slam:/home/sriram/Documents/projects/ros2drone/install/drone_navigation:/home/sriram/Documents/projects/ros2drone/install/drone_description:/home/sriram/Documents/projects/ros2drone/install/drone_control:/opt/ros/lyrical/opt/gz_sim_vendor:/opt/ros/lyrical/opt/gz_sensors_vendor:/opt/ros/lyrical/opt/gz_gui_vendor:/opt/ros/lyrical/opt/gz_transport_vendor:/opt/ros/lyrical/opt/gz_physics_vendor:/opt/ros/lyrical/opt/sdformat_vendor:/opt/ros/lyrical/opt/gz_rendering_vendor:/opt/ros/lyrical/opt/gz_plugin_vendor:/opt/ros/lyrical/opt/gz_fuel_tools_vendor:/opt/ros/lyrical/opt/gz_msgs_vendor:/opt/ros/lyrical/opt/gz_common_vendor:/opt/ros/lyrical/opt/gz_math_vendor:/opt/ros/lyrical/opt/gz_utils_vendor:/opt/ros/lyrical/opt/gz_tools_vendor:/opt/ros/lyrical/opt/gz_ogre_next_vendor:/opt/ros/lyrical/opt/gz_dartsim_vendor:/opt/ros/lyrical/opt/gz_cmake_vendor:/opt/ros/lyrical DEBUGINFOD_URLS=https://debuginfod.ubuntu.com LD_LIBRARY_PATH=/home/sriram/Documents/projects/ros2drone/install/drone_slam/lib:${LD_LIBRARY_PATH} PYTHONPATH=/home/sriram/Documents/projects/ros2drone/install/drone_slam/lib/python3.14/site-packages:${PYTHONPATH} VIRTUAL_ENV_PROMPT=(venv-ardupilot) /usr/bin/cmake --install /home/sriram/Documents/projects/ros2drone/build/drone_bringup
[2.928s] -- Install configuration: ""
[2.928s] -- Installing: /home/sriram/Documents/projects/ros2drone/install/drone_bringup/share/drone_bringup/launch
[2.929s] -- Installing: /home/sriram/Documents/projects/ros2drone/install/drone_bringup/share/drone_bringup/launch/__pycache__
[2.929s] -- Installing: /home/sriram/Documents/projects/ros2drone/install/drone_bringup/share/drone_bringup/launch/__pycache__/simulation.launch.cpython-312.pyc
[2.929s] -- Installing: /home/sriram/Documents/projects/ros2drone/install/drone_bringup/share/drone_bringup/launch/__pycache__/simulation.launch.cpython-314.pyc
[2.930s] -- Installing: /home/sriram/Documents/projects/ros2drone/install/drone_bringup/share/drone_bringup/launch/simulation.launch.py
[2.930s] -- Installing: /home/sriram/Documents/projects/ros2drone/install/drone_bringup/share/drone_bringup/rviz
[2.931s] -- Installing: /home/sriram/Documents/projects/ros2drone/install/drone_bringup/share/drone_bringup/rviz/drone.rviz
[2.932s] -- Installing: /home/sriram/Documents/projects/ros2drone/install/drone_bringup/share/ament_index/resource_index/package_run_dependencies/drone_bringup
[2.932s] -- Installing: /home/sriram/Documents/projects/ros2drone/install/drone_bringup/share/ament_index/resource_index/parent_prefix_path/drone_bringup
[2.933s] -- Installing: /home/sriram/Documents/projects/ros2drone/install/drone_bringup/share/drone_bringup/environment/ament_prefix_path.sh
[2.933s] -- Installing: /home/sriram/Documents/projects/ros2drone/install/drone_bringup/share/drone_bringup/environment/ament_prefix_path.dsv
[2.934s] -- Installing: /home/sriram/Documents/projects/ros2drone/install/drone_bringup/share/drone_bringup/environment/path.sh
[2.935s] -- Installing: /home/sriram/Documents/projects/ros2drone/install/drone_bringup/share/drone_bringup/environment/path.dsv
[2.935s] -- Installing: /home/sriram/Documents/projects/ros2drone/install/drone_bringup/share/drone_bringup/local_setup.bash
[2.936s] -- Installing: /home/sriram/Documents/projects/ros2drone/install/drone_bringup/share/drone_bringup/local_setup.fish
[2.936s] -- Installing: /home/sriram/Documents/projects/ros2drone/install/drone_bringup/share/drone_bringup/local_setup.sh
[2.936s] -- Installing: /home/sriram/Documents/projects/ros2drone/install/drone_bringup/share/drone_bringup/local_setup.zsh
[2.936s] -- Installing: /home/sriram/Documents/projects/ros2drone/install/drone_bringup/share/drone_bringup/local_setup.dsv
[2.937s] -- Installing: /home/sriram/Documents/projects/ros2drone/install/drone_bringup/share/drone_bringup/package.dsv
[2.937s] -- Installing: /home/sriram/Documents/projects/ros2drone/install/drone_bringup/share/ament_index/resource_index/packages/drone_bringup
[2.937s] -- Installing: /home/sriram/Documents/projects/ros2drone/install/drone_bringup/share/drone_bringup/cmake/drone_bringupConfig.cmake
[2.937s] -- Installing: /home/sriram/Documents/projects/ros2drone/install/drone_bringup/share/drone_bringup/cmake/drone_bringupConfig-version.cmake
[2.939s] -- Installing: /home/sriram/Documents/projects/ros2drone/install/drone_bringup/share/drone_bringup/package.xml
[2.941s] Invoked command in '/home/sriram/Documents/projects/ros2drone/build/drone_bringup' returned '0': AMENT_PREFIX_PATH=/home/sriram/Documents/projects/ros2drone/install/drone_gazebo:/home/sriram/Documents/projects/ros2drone/install/drone_slam:/home/sriram/Documents/projects/ros2drone/install/drone_navigation:/home/sriram/Documents/projects/ros2drone/install/drone_description:/home/sriram/Documents/projects/ros2drone/install/drone_control:${AMENT_PREFIX_PATH} CMAKE_PREFIX_PATH=/home/sriram/Documents/projects/ros2drone/install/drone_gazebo:/home/sriram/Documents/projects/ros2drone/install/drone_slam:/home/sriram/Documents/projects/ros2drone/install/drone_navigation:/home/sriram/Documents/projects/ros2drone/install/drone_description:/home/sriram/Documents/projects/ros2drone/install/drone_control:/opt/ros/lyrical/opt/gz_sim_vendor:/opt/ros/lyrical/opt/gz_sensors_vendor:/opt/ros/lyrical/opt/gz_gui_vendor:/opt/ros/lyrical/opt/gz_transport_vendor:/opt/ros/lyrical/opt/gz_physics_vendor:/opt/ros/lyrical/opt/sdformat_vendor:/opt/ros/lyrical/opt/gz_rendering_vendor:/opt/ros/lyrical/opt/gz_plugin_vendor:/opt/ros/lyrical/opt/gz_fuel_tools_vendor:/opt/ros/lyrical/opt/gz_msgs_vendor:/opt/ros/lyrical/opt/gz_common_vendor:/opt/ros/lyrical/opt/gz_math_vendor:/opt/ros/lyrical/opt/gz_utils_vendor:/opt/ros/lyrical/opt/gz_tools_vendor:/opt/ros/lyrical/opt/gz_ogre_next_vendor:/opt/ros/lyrical/opt/gz_dartsim_vendor:/opt/ros/lyrical/opt/gz_cmake_vendor:/opt/ros/lyrical DEBUGINFOD_URLS=https://debuginfod.ubuntu.com LD_LIBRARY_PATH=/home/sriram/Documents/projects/ros2drone/install/drone_slam/lib:${LD_LIBRARY_PATH} PYTHONPATH=/home/sriram/Documents/projects/ros2drone/install/drone_slam/lib/python3.14/site-packages:${PYTHONPATH} VIRTUAL_ENV_PROMPT=(venv-ardupilot) /usr/bin/cmake --install /home/sriram/Documents/projects/ros2drone/build/drone_bringup
