-- Found ament_cmake: 2.8.8 (/opt/ros/lyrical/share/ament_cmake/cmake)
-- Override CMake install command with custom implementation using symlinks instead of copying resources
-- Found ament_lint_auto: 0.20.6 (/opt/ros/lyrical/share/ament_lint_auto/cmake)
-- Added test 'copyright' to check source files copyright and LICENSE
-- Added test 'flake8' to check Python code syntax and style conventions
-- Configured 'flake8' exclude dirs and/or files: 
-- Added test 'lint_cmake' to check CMake code style
-- Added test 'pep257' to check Python code against some of the docstring style conventions in PEP 257
-- Added test 'xmllint' to check XML markup files
-- Configuring done (0.8s)
-- Generating done (0.0s)
-- Build files have been written to: /home/sriram/Documents/projects/ros2drone/build/drone_control
-- Install configuration: ""
-- Execute custom install script
-- Symlinking: /home/sriram/Documents/projects/ros2drone/install/drone_control/lib/drone_control/gimbal_controller.py
-- Symlinking: /home/sriram/Documents/projects/ros2drone/install/drone_control/lib/drone_control/pixhawk_bridge.py
-- Symlinking: /home/sriram/Documents/projects/ros2drone/install/drone_control/share/drone_control/config/control_params.yaml
-- Symlinking: /home/sriram/Documents/projects/ros2drone/install/drone_control/share/drone_control/launch/__pycache__/control.launch.cpython-312.pyc
-- Symlinking: /home/sriram/Documents/projects/ros2drone/install/drone_control/share/drone_control/launch/__pycache__/control.launch.cpython-314.pyc
-- Symlinking: /home/sriram/Documents/projects/ros2drone/install/drone_control/share/drone_control/launch/control.launch.py
-- Symlinking: /home/sriram/Documents/projects/ros2drone/install/drone_control/share/ament_index/resource_index/package_run_dependencies/drone_control
-- Symlinking: /home/sriram/Documents/projects/ros2drone/install/drone_control/share/ament_index/resource_index/parent_prefix_path/drone_control
-- Symlinking: /home/sriram/Documents/projects/ros2drone/install/drone_control/share/drone_control/environment/ament_prefix_path.sh
-- Symlinking: /home/sriram/Documents/projects/ros2drone/install/drone_control/share/drone_control/environment/ament_prefix_path.dsv
-- Symlinking: /home/sriram/Documents/projects/ros2drone/install/drone_control/share/drone_control/environment/path.sh
-- Symlinking: /home/sriram/Documents/projects/ros2drone/install/drone_control/share/drone_control/environment/path.dsv
-- Symlinking: /home/sriram/Documents/projects/ros2drone/install/drone_control/share/drone_control/local_setup.bash
-- Symlinking: /home/sriram/Documents/projects/ros2drone/install/drone_control/share/drone_control/local_setup.fish
-- Symlinking: /home/sriram/Documents/projects/ros2drone/install/drone_control/share/drone_control/local_setup.sh
-- Symlinking: /home/sriram/Documents/projects/ros2drone/install/drone_control/share/drone_control/local_setup.zsh
-- Symlinking: /home/sriram/Documents/projects/ros2drone/install/drone_control/share/drone_control/local_setup.dsv
-- Symlinking: /home/sriram/Documents/projects/ros2drone/install/drone_control/share/drone_control/package.dsv
-- Symlinking: /home/sriram/Documents/projects/ros2drone/install/drone_control/share/ament_index/resource_index/packages/drone_control
-- Symlinking: /home/sriram/Documents/projects/ros2drone/install/drone_control/share/drone_control/cmake/drone_controlConfig.cmake
-- Symlinking: /home/sriram/Documents/projects/ros2drone/install/drone_control/share/drone_control/cmake/drone_controlConfig-version.cmake
-- Symlinking: /home/sriram/Documents/projects/ros2drone/install/drone_control/share/drone_control/package.xml
