-- The C compiler identification is GNU 15.2.0
-- The CXX compiler identification is GNU 15.2.0
-- Detecting C compiler ABI info
-- Detecting C compiler ABI info - done
-- Check for working C compiler: /usr/bin/cc - skipped
-- Detecting C compile features
-- Detecting C compile features - done
-- Detecting CXX compiler ABI info
-- Detecting CXX compiler ABI info - done
-- Check for working CXX compiler: /usr/bin/c++ - skipped
-- Detecting CXX compile features
-- Detecting CXX compile features - done
-- Found ament_cmake: 2.8.8 (/opt/ros/lyrical/share/ament_cmake/cmake)
-- Found ament_cmake_gtest: 2.8.8 (/opt/ros/lyrical/share/ament_cmake_gtest/cmake)
-- Found GTest: /usr/lib/x86_64-linux-gnu/cmake/GTest/GTestConfig.cmake (found version "1.17.0")
-- Found Threads: TRUE
-- Configuring done (4.0s)
-- Generating done (0.0s)
-- Build files have been written to: /home/sriram/Documents/projects/ros2drone/build/drone_description
[ 50%] Building CXX object CMakeFiles/test_drone_description.dir/test/test_drone_description.cpp.o
[100%] Linking CXX executable test_drone_description
[100%] Built target test_drone_description
-- Install configuration: ""
-- Installing: /home/sriram/Documents/projects/ros2drone/install/drone_description/share/drone_description/urdf
-- Installing: /home/sriram/Documents/projects/ros2drone/install/drone_description/share/drone_description/urdf/macros
-- Installing: /home/sriram/Documents/projects/ros2drone/install/drone_description/share/drone_description/urdf/macros/vertical_gimbal_lidar.xacro
-- Installing: /home/sriram/Documents/projects/ros2drone/install/drone_description/share/drone_description/urdf/macros/gimbal.xacro
-- Installing: /home/sriram/Documents/projects/ros2drone/install/drone_description/share/drone_description/urdf/macros/px4.xacro
-- Installing: /home/sriram/Documents/projects/ros2drone/install/drone_description/share/drone_description/urdf/macros/sensors.xacro
-- Installing: /home/sriram/Documents/projects/ros2drone/install/drone_description/share/drone_description/urdf/drone.xacro
-- Installing: /home/sriram/Documents/projects/ros2drone/install/drone_description/share/drone_description/config
-- Installing: /home/sriram/Documents/projects/ros2drone/install/drone_description/share/drone_description/config/sensor_noise.yaml
-- Installing: /home/sriram/Documents/projects/ros2drone/install/drone_description/share/ament_index/resource_index/package_run_dependencies/drone_description
-- Installing: /home/sriram/Documents/projects/ros2drone/install/drone_description/share/ament_index/resource_index/parent_prefix_path/drone_description
-- Installing: /home/sriram/Documents/projects/ros2drone/install/drone_description/share/drone_description/environment/ament_prefix_path.sh
-- Installing: /home/sriram/Documents/projects/ros2drone/install/drone_description/share/drone_description/environment/ament_prefix_path.dsv
-- Installing: /home/sriram/Documents/projects/ros2drone/install/drone_description/share/drone_description/environment/path.sh
-- Installing: /home/sriram/Documents/projects/ros2drone/install/drone_description/share/drone_description/environment/path.dsv
-- Installing: /home/sriram/Documents/projects/ros2drone/install/drone_description/share/drone_description/local_setup.bash
-- Installing: /home/sriram/Documents/projects/ros2drone/install/drone_description/share/drone_description/local_setup.fish
-- Installing: /home/sriram/Documents/projects/ros2drone/install/drone_description/share/drone_description/local_setup.sh
-- Installing: /home/sriram/Documents/projects/ros2drone/install/drone_description/share/drone_description/local_setup.zsh
-- Installing: /home/sriram/Documents/projects/ros2drone/install/drone_description/share/drone_description/local_setup.dsv
-- Installing: /home/sriram/Documents/projects/ros2drone/install/drone_description/share/drone_description/package.dsv
-- Installing: /home/sriram/Documents/projects/ros2drone/install/drone_description/share/ament_index/resource_index/packages/drone_description
-- Installing: /home/sriram/Documents/projects/ros2drone/install/drone_description/share/drone_description/cmake/drone_descriptionConfig.cmake
-- Installing: /home/sriram/Documents/projects/ros2drone/install/drone_description/share/drone_description/cmake/drone_descriptionConfig-version.cmake
-- Installing: /home/sriram/Documents/projects/ros2drone/install/drone_description/share/drone_description/package.xml
