[0.054s] Invoking command in '/home/sriram/Documents/projects/ros2drone/build/drone_vision': CMAKE_PREFIX_PATH=${CMAKE_PREFIX_PATH}:/opt/ros/lyrical DEBUGINFOD_URLS=https://debuginfod.ubuntu.com PS1=\[\e]0;\u@\h: \w\a\]${debian_chroot:+($debian_chroot)}\[\033[01;32m\]\u@\h\[\033[00m\]:\[\033[01;34m\]\w\[\033[00m\]\$ VIRTUAL_ENV_PROMPT=(venv-ardupilot) /usr/bin/cmake /home/sriram/Documents/projects/ros2drone/src/drone_vision -DAMENT_CMAKE_SYMLINK_INSTALL=1 -DCMAKE_INSTALL_PREFIX=/home/sriram/Documents/projects/ros2drone/install/drone_vision
[0.098s] [0mCMake Deprecation Warning at CMakeLists.txt:1 (cmake_minimum_required):
[0.098s]   Compatibility with CMake < 3.10 will be removed from a future version of
[0.098s]   CMake.
[0.098s] 
[0.098s]   Update the VERSION argument <min> value.  Or, use the <min>...<max> syntax
[0.098s]   to tell CMake that the project requires at least <min> but has been updated
[0.098s]   to work with policies introduced by <max> or earlier.
[0.099s] 
[0.099s] [0m
[0.124s] -- Found ament_cmake: 2.8.8 (/opt/ros/lyrical/share/ament_cmake/cmake)
[0.629s] -- Override CMake install command with custom implementation using symlinks instead of copying resources
[0.645s] -- Found ament_lint_auto: 0.20.6 (/opt/ros/lyrical/share/ament_lint_auto/cmake)
[0.884s] -- Added test 'copyright' to check source files copyright and LICENSE
[0.888s] -- Added test 'flake8' to check Python code syntax and style conventions
[0.888s] -- Configured 'flake8' exclude dirs and/or files: 
[0.889s] -- Added test 'lint_cmake' to check CMake code style
[0.890s] -- Added test 'pep257' to check Python code against some of the docstring style conventions in PEP 257
[0.895s] -- Added test 'xmllint' to check XML markup files
[0.903s] -- Configuring done (0.8s)
[0.925s] -- Generating done (0.0s)
[0.929s] -- Build files have been written to: /home/sriram/Documents/projects/ros2drone/build/drone_vision
[0.937s] Invoked command in '/home/sriram/Documents/projects/ros2drone/build/drone_vision' returned '0': CMAKE_PREFIX_PATH=${CMAKE_PREFIX_PATH}:/opt/ros/lyrical DEBUGINFOD_URLS=https://debuginfod.ubuntu.com PS1=\[\e]0;\u@\h: \w\a\]${debian_chroot:+($debian_chroot)}\[\033[01;32m\]\u@\h\[\033[00m\]:\[\033[01;34m\]\w\[\033[00m\]\$ VIRTUAL_ENV_PROMPT=(venv-ardupilot) /usr/bin/cmake /home/sriram/Documents/projects/ros2drone/src/drone_vision -DAMENT_CMAKE_SYMLINK_INSTALL=1 -DCMAKE_INSTALL_PREFIX=/home/sriram/Documents/projects/ros2drone/install/drone_vision
[0.939s] Invoking command in '/home/sriram/Documents/projects/ros2drone/build/drone_vision': CMAKE_PREFIX_PATH=${CMAKE_PREFIX_PATH}:/opt/ros/lyrical DEBUGINFOD_URLS=https://debuginfod.ubuntu.com PS1=\[\e]0;\u@\h: \w\a\]${debian_chroot:+($debian_chroot)}\[\033[01;32m\]\u@\h\[\033[00m\]:\[\033[01;34m\]\w\[\033[00m\]\$ VIRTUAL_ENV_PROMPT=(venv-ardupilot) /usr/bin/cmake --build /home/sriram/Documents/projects/ros2drone/build/drone_vision -- -j8 -l8
[1.030s] Invoked command in '/home/sriram/Documents/projects/ros2drone/build/drone_vision' returned '0': CMAKE_PREFIX_PATH=${CMAKE_PREFIX_PATH}:/opt/ros/lyrical DEBUGINFOD_URLS=https://debuginfod.ubuntu.com PS1=\[\e]0;\u@\h: \w\a\]${debian_chroot:+($debian_chroot)}\[\033[01;32m\]\u@\h\[\033[00m\]:\[\033[01;34m\]\w\[\033[00m\]\$ VIRTUAL_ENV_PROMPT=(venv-ardupilot) /usr/bin/cmake --build /home/sriram/Documents/projects/ros2drone/build/drone_vision -- -j8 -l8
[1.052s] Invoking command in '/home/sriram/Documents/projects/ros2drone/build/drone_vision': CMAKE_PREFIX_PATH=${CMAKE_PREFIX_PATH}:/opt/ros/lyrical DEBUGINFOD_URLS=https://debuginfod.ubuntu.com PS1=\[\e]0;\u@\h: \w\a\]${debian_chroot:+($debian_chroot)}\[\033[01;32m\]\u@\h\[\033[00m\]:\[\033[01;34m\]\w\[\033[00m\]\$ VIRTUAL_ENV_PROMPT=(venv-ardupilot) /usr/bin/cmake --install /home/sriram/Documents/projects/ros2drone/build/drone_vision
[1.068s] -- Install configuration: ""
[1.068s] -- Execute custom install script
[1.070s] -- Symlinking: /home/sriram/Documents/projects/ros2drone/install/drone_vision/lib/drone_vision/yolov26n_simulator.py
[1.090s] -- Symlinking: /home/sriram/Documents/projects/ros2drone/install/drone_vision/share/ament_index/resource_index/package_run_dependencies/drone_vision
[1.112s] -- Symlinking: /home/sriram/Documents/projects/ros2drone/install/drone_vision/share/ament_index/resource_index/parent_prefix_path/drone_vision
[1.129s] -- Symlinking: /home/sriram/Documents/projects/ros2drone/install/drone_vision/share/drone_vision/environment/ament_prefix_path.sh
[1.147s] -- Symlinking: /home/sriram/Documents/projects/ros2drone/install/drone_vision/share/drone_vision/environment/ament_prefix_path.dsv
[1.164s] -- Symlinking: /home/sriram/Documents/projects/ros2drone/install/drone_vision/share/drone_vision/environment/path.sh
[1.184s] -- Symlinking: /home/sriram/Documents/projects/ros2drone/install/drone_vision/share/drone_vision/environment/path.dsv
[1.211s] -- Symlinking: /home/sriram/Documents/projects/ros2drone/install/drone_vision/share/drone_vision/local_setup.bash
[1.225s] -- Symlinking: /home/sriram/Documents/projects/ros2drone/install/drone_vision/share/drone_vision/local_setup.fish
[1.244s] -- Symlinking: /home/sriram/Documents/projects/ros2drone/install/drone_vision/share/drone_vision/local_setup.sh
[1.277s] -- Symlinking: /home/sriram/Documents/projects/ros2drone/install/drone_vision/share/drone_vision/local_setup.zsh
[1.301s] -- Symlinking: /home/sriram/Documents/projects/ros2drone/install/drone_vision/share/drone_vision/local_setup.dsv
[1.326s] -- Symlinking: /home/sriram/Documents/projects/ros2drone/install/drone_vision/share/drone_vision/package.dsv
[1.349s] -- Symlinking: /home/sriram/Documents/projects/ros2drone/install/drone_vision/share/ament_index/resource_index/packages/drone_vision
[1.367s] -- Symlinking: /home/sriram/Documents/projects/ros2drone/install/drone_vision/share/drone_vision/cmake/drone_visionConfig.cmake
[1.387s] -- Symlinking: /home/sriram/Documents/projects/ros2drone/install/drone_vision/share/drone_vision/cmake/drone_visionConfig-version.cmake
[1.409s] -- Symlinking: /home/sriram/Documents/projects/ros2drone/install/drone_vision/share/drone_vision/package.xml
[1.427s] Invoked command in '/home/sriram/Documents/projects/ros2drone/build/drone_vision' returned '0': CMAKE_PREFIX_PATH=${CMAKE_PREFIX_PATH}:/opt/ros/lyrical DEBUGINFOD_URLS=https://debuginfod.ubuntu.com PS1=\[\e]0;\u@\h: \w\a\]${debian_chroot:+($debian_chroot)}\[\033[01;32m\]\u@\h\[\033[00m\]:\[\033[01;34m\]\w\[\033[00m\]\$ VIRTUAL_ENV_PROMPT=(venv-ardupilot) /usr/bin/cmake --install /home/sriram/Documents/projects/ros2drone/build/drone_vision
