[0.059s] Invoking command in '/home/sriram/Documents/projects/ros2drone/build/drone_navigation': CMAKE_PREFIX_PATH=${CMAKE_PREFIX_PATH}:/opt/ros/lyrical DEBUGINFOD_URLS=https://debuginfod.ubuntu.com VIRTUAL_ENV_PROMPT=(venv-ardupilot) /usr/bin/cmake /home/sriram/Documents/projects/ros2drone/src/drone_navigation -DPython3_EXECUTABLE=/usr/bin/python3 -DPYTHON_EXECUTABLE=/usr/bin/python3 -DCMAKE_INSTALL_PREFIX=/home/sriram/Documents/projects/ros2drone/install/drone_navigation
[0.097s] CMake Deprecation Warning at CMakeLists.txt:1 (cmake_minimum_required):
[0.097s]   Compatibility with CMake < 3.10 will be removed from a future version of
[0.105s]   CMake.
[0.106s] 
[0.106s]   Update the VERSION argument <min> value.  Or, use the <min>...<max> syntax
[0.106s]   to tell CMake that the project requires at least <min> but has been updated
[0.106s]   to work with policies introduced by <max> or earlier.
[0.107s] 
[0.107s] 
[0.359s] -- The C compiler identification is GNU 15.2.0
[0.776s] -- The CXX compiler identification is GNU 15.2.0
[0.806s] -- Detecting C compiler ABI info
[1.103s] -- Detecting C compiler ABI info - done
[1.246s] -- Check for working C compiler: /usr/bin/cc - skipped
[1.249s] -- Detecting C compile features
[1.249s] -- Detecting C compile features - done
[1.312s] -- Detecting CXX compiler ABI info
[1.699s] -- Detecting CXX compiler ABI info - done
[1.768s] -- Check for working CXX compiler: /usr/bin/c++ - skipped
[1.770s] -- Detecting CXX compile features
[1.775s] -- Detecting CXX compile features - done
[1.813s] -- Found ament_cmake: 2.8.8 (/opt/ros/lyrical/share/ament_cmake/cmake)
[2.871s] -- Found ament_lint_auto: 0.20.6 (/opt/ros/lyrical/share/ament_lint_auto/cmake)
[3.419s] -- Added test 'copyright' to check source files copyright and LICENSE
[3.432s] -- Added test 'flake8' to check Python code syntax and style conventions
[3.432s] -- Configured 'flake8' exclude dirs and/or files: 
[3.436s] -- Added test 'lint_cmake' to check CMake code style
[3.443s] -- Added test 'pep257' to check Python code against some of the docstring style conventions in PEP 257
[3.449s] -- Added test 'xmllint' to check XML markup files
[3.457s] -- Configuring done (3.4s)
[3.469s] -- Generating done (0.0s)
[3.471s] CMake Warning:
[3.472s]   Manually-specified variables were not used by the project:
[3.472s] 
[3.472s]     PYTHON_EXECUTABLE
[3.472s] 
[3.473s] 
[3.477s] -- Build files have been written to: /home/sriram/Documents/projects/ros2drone/build/drone_navigation
[3.487s] Invoked command in '/home/sriram/Documents/projects/ros2drone/build/drone_navigation' returned '0': CMAKE_PREFIX_PATH=${CMAKE_PREFIX_PATH}:/opt/ros/lyrical DEBUGINFOD_URLS=https://debuginfod.ubuntu.com VIRTUAL_ENV_PROMPT=(venv-ardupilot) /usr/bin/cmake /home/sriram/Documents/projects/ros2drone/src/drone_navigation -DPython3_EXECUTABLE=/usr/bin/python3 -DPYTHON_EXECUTABLE=/usr/bin/python3 -DCMAKE_INSTALL_PREFIX=/home/sriram/Documents/projects/ros2drone/install/drone_navigation
[3.494s] Invoking command in '/home/sriram/Documents/projects/ros2drone/build/drone_navigation': CMAKE_PREFIX_PATH=${CMAKE_PREFIX_PATH}:/opt/ros/lyrical DEBUGINFOD_URLS=https://debuginfod.ubuntu.com VIRTUAL_ENV_PROMPT=(venv-ardupilot) /usr/bin/cmake --build /home/sriram/Documents/projects/ros2drone/build/drone_navigation -- -j8 -l8
[3.661s] Invoked command in '/home/sriram/Documents/projects/ros2drone/build/drone_navigation' returned '0': CMAKE_PREFIX_PATH=${CMAKE_PREFIX_PATH}:/opt/ros/lyrical DEBUGINFOD_URLS=https://debuginfod.ubuntu.com VIRTUAL_ENV_PROMPT=(venv-ardupilot) /usr/bin/cmake --build /home/sriram/Documents/projects/ros2drone/build/drone_navigation -- -j8 -l8
[3.691s] Invoking command in '/home/sriram/Documents/projects/ros2drone/build/drone_navigation': CMAKE_PREFIX_PATH=${CMAKE_PREFIX_PATH}:/opt/ros/lyrical DEBUGINFOD_URLS=https://debuginfod.ubuntu.com VIRTUAL_ENV_PROMPT=(venv-ardupilot) /usr/bin/cmake --install /home/sriram/Documents/projects/ros2drone/build/drone_navigation
[3.721s] -- Install configuration: ""
[3.723s] -- Installing: /home/sriram/Documents/projects/ros2drone/install/drone_navigation/lib/drone_navigation/frontier_explorer.py
[3.723s] -- Installing: /home/sriram/Documents/projects/ros2drone/install/drone_navigation/lib/drone_navigation/motion_primitives.py
[3.724s] -- Installing: /home/sriram/Documents/projects/ros2drone/install/drone_navigation/lib/drone_navigation/rrt_star.py
[3.724s] -- Installing: /home/sriram/Documents/projects/ros2drone/install/drone_navigation/lib/drone_navigation/dwa_planner.py
[3.725s] -- Installing: /home/sriram/Documents/projects/ros2drone/install/drone_navigation/share/drone_navigation/config
[3.725s] -- Installing: /home/sriram/Documents/projects/ros2drone/install/drone_navigation/share/drone_navigation/config/nav_params.yaml
[3.726s] -- Installing: /home/sriram/Documents/projects/ros2drone/install/drone_navigation/share/drone_navigation/launch
[3.727s] -- Installing: /home/sriram/Documents/projects/ros2drone/install/drone_navigation/share/drone_navigation/launch/navigation.launch.py
[3.727s] -- Installing: /home/sriram/Documents/projects/ros2drone/install/drone_navigation/share/drone_navigation/launch/__pycache__
[3.727s] -- Installing: /home/sriram/Documents/projects/ros2drone/install/drone_navigation/share/drone_navigation/launch/__pycache__/navigation.launch.cpython-312.pyc
[3.728s] -- Installing: /home/sriram/Documents/projects/ros2drone/install/drone_navigation/share/drone_navigation/launch/__pycache__/navigation.launch.cpython-314.pyc
[3.728s] -- Installing: /home/sriram/Documents/projects/ros2drone/install/drone_navigation/share/ament_index/resource_index/package_run_dependencies/drone_navigation
[3.728s] -- Installing: /home/sriram/Documents/projects/ros2drone/install/drone_navigation/share/ament_index/resource_index/parent_prefix_path/drone_navigation
[3.729s] -- Installing: /home/sriram/Documents/projects/ros2drone/install/drone_navigation/share/drone_navigation/environment/ament_prefix_path.sh
[3.729s] -- Installing: /home/sriram/Documents/projects/ros2drone/install/drone_navigation/share/drone_navigation/environment/ament_prefix_path.dsv
[3.729s] -- Installing: /home/sriram/Documents/projects/ros2drone/install/drone_navigation/share/drone_navigation/environment/path.sh
[3.730s] -- Installing: /home/sriram/Documents/projects/ros2drone/install/drone_navigation/share/drone_navigation/environment/path.dsv
[3.730s] -- Installing: /home/sriram/Documents/projects/ros2drone/install/drone_navigation/share/drone_navigation/local_setup.bash
[3.731s] -- Installing: /home/sriram/Documents/projects/ros2drone/install/drone_navigation/share/drone_navigation/local_setup.fish
[3.731s] -- Installing: /home/sriram/Documents/projects/ros2drone/install/drone_navigation/share/drone_navigation/local_setup.sh
[3.732s] -- Installing: /home/sriram/Documents/projects/ros2drone/install/drone_navigation/share/drone_navigation/local_setup.zsh
[3.732s] -- Installing: /home/sriram/Documents/projects/ros2drone/install/drone_navigation/share/drone_navigation/local_setup.dsv
[3.732s] -- Installing: /home/sriram/Documents/projects/ros2drone/install/drone_navigation/share/drone_navigation/package.dsv
[3.733s] -- Installing: /home/sriram/Documents/projects/ros2drone/install/drone_navigation/share/ament_index/resource_index/packages/drone_navigation
[3.735s] -- Installing: /home/sriram/Documents/projects/ros2drone/install/drone_navigation/share/drone_navigation/cmake/drone_navigationConfig.cmake
[3.741s] -- Installing: /home/sriram/Documents/projects/ros2drone/install/drone_navigation/share/drone_navigation/cmake/drone_navigationConfig-version.cmake
[3.741s] -- Installing: /home/sriram/Documents/projects/ros2drone/install/drone_navigation/share/drone_navigation/package.xml
[3.746s] Invoked command in '/home/sriram/Documents/projects/ros2drone/build/drone_navigation' returned '0': CMAKE_PREFIX_PATH=${CMAKE_PREFIX_PATH}:/opt/ros/lyrical DEBUGINFOD_URLS=https://debuginfod.ubuntu.com VIRTUAL_ENV_PROMPT=(venv-ardupilot) /usr/bin/cmake --install /home/sriram/Documents/projects/ros2drone/build/drone_navigation
