[0mCMake Deprecation Warning at CMakeLists.txt:1 (cmake_minimum_required):
  Compatibility with CMake < 3.10 will be removed from a future version of
  CMake.

  Update the VERSION argument <min> value.  Or, use the <min>...<max> syntax
  to tell CMake that the project requires at least <min> but has been updated
  to work with policies introduced by <max> or earlier.

[0m
-- Found ament_cmake: 2.8.8 (/opt/ros/lyrical/share/ament_cmake/cmake)
-- Override CMake install command with custom implementation using symlinks instead of copying resources
-- Found ament_lint_auto: 0.20.6 (/opt/ros/lyrical/share/ament_lint_auto/cmake)
-- Added test 'copyright' to check source files copyright and LICENSE
-- Added test 'flake8' to check Python code syntax and style conventions
-- Configured 'flake8' exclude dirs and/or files: 
-- Added test 'lint_cmake' to check CMake code style
-- Added test 'pep257' to check Python code against some of the docstring style conventions in PEP 257
-- Added test 'xmllint' to check XML markup files
-- Configuring done (0.8s)
-- Generating done (0.0s)
-- Build files have been written to: /home/sriram/Documents/projects/ros2drone/build/drone_navigation
-- Install configuration: ""
-- Execute custom install script
-- Symlinking: /home/sriram/Documents/projects/ros2drone/install/drone_navigation/lib/drone_navigation/frontier_explorer.py
-- Symlinking: /home/sriram/Documents/projects/ros2drone/install/drone_navigation/lib/drone_navigation/motion_primitives.py
-- Symlinking: /home/sriram/Documents/projects/ros2drone/install/drone_navigation/lib/drone_navigation/rrt_star.py
-- Symlinking: /home/sriram/Documents/projects/ros2drone/install/drone_navigation/lib/drone_navigation/dwa_planner.py
-- Symlinking: /home/sriram/Documents/projects/ros2drone/install/drone_navigation/share/drone_navigation/config/nav_params.yaml
-- Symlinking: /home/sriram/Documents/projects/ros2drone/install/drone_navigation/share/drone_navigation/launch/__pycache__/navigation.launch.cpython-312.pyc
-- Symlinking: /home/sriram/Documents/projects/ros2drone/install/drone_navigation/share/drone_navigation/launch/__pycache__/navigation.launch.cpython-314.pyc
-- Symlinking: /home/sriram/Documents/projects/ros2drone/install/drone_navigation/share/drone_navigation/launch/navigation.launch.py
-- Symlinking: /home/sriram/Documents/projects/ros2drone/install/drone_navigation/share/ament_index/resource_index/package_run_dependencies/drone_navigation
-- Symlinking: /home/sriram/Documents/projects/ros2drone/install/drone_navigation/share/ament_index/resource_index/parent_prefix_path/drone_navigation
-- Symlinking: /home/sriram/Documents/projects/ros2drone/install/drone_navigation/share/drone_navigation/environment/ament_prefix_path.sh
-- Symlinking: /home/sriram/Documents/projects/ros2drone/install/drone_navigation/share/drone_navigation/environment/ament_prefix_path.dsv
-- Symlinking: /home/sriram/Documents/projects/ros2drone/install/drone_navigation/share/drone_navigation/environment/path.sh
-- Symlinking: /home/sriram/Documents/projects/ros2drone/install/drone_navigation/share/drone_navigation/environment/path.dsv
-- Symlinking: /home/sriram/Documents/projects/ros2drone/install/drone_navigation/share/drone_navigation/local_setup.bash
-- Symlinking: /home/sriram/Documents/projects/ros2drone/install/drone_navigation/share/drone_navigation/local_setup.fish
-- Symlinking: /home/sriram/Documents/projects/ros2drone/install/drone_navigation/share/drone_navigation/local_setup.sh
-- Symlinking: /home/sriram/Documents/projects/ros2drone/install/drone_navigation/share/drone_navigation/local_setup.zsh
-- Symlinking: /home/sriram/Documents/projects/ros2drone/install/drone_navigation/share/drone_navigation/local_setup.dsv
-- Symlinking: /home/sriram/Documents/projects/ros2drone/install/drone_navigation/share/drone_navigation/package.dsv
-- Symlinking: /home/sriram/Documents/projects/ros2drone/install/drone_navigation/share/ament_index/resource_index/packages/drone_navigation
-- Symlinking: /home/sriram/Documents/projects/ros2drone/install/drone_navigation/share/drone_navigation/cmake/drone_navigationConfig.cmake
-- Symlinking: /home/sriram/Documents/projects/ros2drone/install/drone_navigation/share/drone_navigation/cmake/drone_navigationConfig-version.cmake
-- Symlinking: /home/sriram/Documents/projects/ros2drone/install/drone_navigation/share/drone_navigation/package.xml
