[0.037s] Invoking command in '/home/sriram/Documents/projects/ros2drone/build/drone_navigation': CMAKE_PREFIX_PATH=${CMAKE_PREFIX_PATH}:/opt/ros/lyrical DEBUGINFOD_URLS=https://debuginfod.ubuntu.com PS1=\[\e]0;\u@\h: \w\a\]${debian_chroot:+($debian_chroot)}\[\033[01;32m\]\u@\h\[\033[00m\]:\[\033[01;34m\]\w\[\033[00m\]\$ VIRTUAL_ENV_PROMPT=(venv-ardupilot) /usr/bin/cmake /home/sriram/Documents/projects/ros2drone/src/drone_navigation -DAMENT_CMAKE_SYMLINK_INSTALL=1 -DCMAKE_INSTALL_PREFIX=/home/sriram/Documents/projects/ros2drone/install/drone_navigation
[0.107s] [0mCMake Deprecation Warning at CMakeLists.txt:1 (cmake_minimum_required):
[0.108s]   Compatibility with CMake < 3.10 will be removed from a future version of
[0.108s]   CMake.
[0.108s] 
[0.108s]   Update the VERSION argument <min> value.  Or, use the <min>...<max> syntax
[0.108s]   to tell CMake that the project requires at least <min> but has been updated
[0.108s]   to work with policies introduced by <max> or earlier.
[0.109s] 
[0.109s] [0m
[0.138s] -- Found ament_cmake: 2.8.8 (/opt/ros/lyrical/share/ament_cmake/cmake)
[0.644s] -- Override CMake install command with custom implementation using symlinks instead of copying resources
[0.663s] -- Found ament_lint_auto: 0.20.6 (/opt/ros/lyrical/share/ament_lint_auto/cmake)
[0.900s] -- Added test 'copyright' to check source files copyright and LICENSE
[0.907s] -- Added test 'flake8' to check Python code syntax and style conventions
[0.907s] -- Configured 'flake8' exclude dirs and/or files: 
[0.908s] -- Added test 'lint_cmake' to check CMake code style
[0.910s] -- Added test 'pep257' to check Python code against some of the docstring style conventions in PEP 257
[0.914s] -- Added test 'xmllint' to check XML markup files
[0.923s] -- Configuring done (0.8s)
[0.939s] -- Generating done (0.0s)
[0.947s] -- Build files have been written to: /home/sriram/Documents/projects/ros2drone/build/drone_navigation
[0.965s] Invoked command in '/home/sriram/Documents/projects/ros2drone/build/drone_navigation' returned '0': CMAKE_PREFIX_PATH=${CMAKE_PREFIX_PATH}:/opt/ros/lyrical DEBUGINFOD_URLS=https://debuginfod.ubuntu.com PS1=\[\e]0;\u@\h: \w\a\]${debian_chroot:+($debian_chroot)}\[\033[01;32m\]\u@\h\[\033[00m\]:\[\033[01;34m\]\w\[\033[00m\]\$ VIRTUAL_ENV_PROMPT=(venv-ardupilot) /usr/bin/cmake /home/sriram/Documents/projects/ros2drone/src/drone_navigation -DAMENT_CMAKE_SYMLINK_INSTALL=1 -DCMAKE_INSTALL_PREFIX=/home/sriram/Documents/projects/ros2drone/install/drone_navigation
[0.967s] Invoking command in '/home/sriram/Documents/projects/ros2drone/build/drone_navigation': CMAKE_PREFIX_PATH=${CMAKE_PREFIX_PATH}:/opt/ros/lyrical DEBUGINFOD_URLS=https://debuginfod.ubuntu.com PS1=\[\e]0;\u@\h: \w\a\]${debian_chroot:+($debian_chroot)}\[\033[01;32m\]\u@\h\[\033[00m\]:\[\033[01;34m\]\w\[\033[00m\]\$ VIRTUAL_ENV_PROMPT=(venv-ardupilot) /usr/bin/cmake --build /home/sriram/Documents/projects/ros2drone/build/drone_navigation -- -j8 -l8
[1.075s] Invoked command in '/home/sriram/Documents/projects/ros2drone/build/drone_navigation' returned '0': CMAKE_PREFIX_PATH=${CMAKE_PREFIX_PATH}:/opt/ros/lyrical DEBUGINFOD_URLS=https://debuginfod.ubuntu.com PS1=\[\e]0;\u@\h: \w\a\]${debian_chroot:+($debian_chroot)}\[\033[01;32m\]\u@\h\[\033[00m\]:\[\033[01;34m\]\w\[\033[00m\]\$ VIRTUAL_ENV_PROMPT=(venv-ardupilot) /usr/bin/cmake --build /home/sriram/Documents/projects/ros2drone/build/drone_navigation -- -j8 -l8
[1.076s] Invoking command in '/home/sriram/Documents/projects/ros2drone/build/drone_navigation': CMAKE_PREFIX_PATH=${CMAKE_PREFIX_PATH}:/opt/ros/lyrical DEBUGINFOD_URLS=https://debuginfod.ubuntu.com PS1=\[\e]0;\u@\h: \w\a\]${debian_chroot:+($debian_chroot)}\[\033[01;32m\]\u@\h\[\033[00m\]:\[\033[01;34m\]\w\[\033[00m\]\$ VIRTUAL_ENV_PROMPT=(venv-ardupilot) /usr/bin/cmake --install /home/sriram/Documents/projects/ros2drone/build/drone_navigation
[1.090s] -- Install configuration: ""
[1.092s] -- Execute custom install script
[1.092s] -- Symlinking: /home/sriram/Documents/projects/ros2drone/install/drone_navigation/lib/drone_navigation/frontier_explorer.py
[1.118s] -- Symlinking: /home/sriram/Documents/projects/ros2drone/install/drone_navigation/lib/drone_navigation/motion_primitives.py
[1.131s] -- Symlinking: /home/sriram/Documents/projects/ros2drone/install/drone_navigation/lib/drone_navigation/rrt_star.py
[1.145s] -- Symlinking: /home/sriram/Documents/projects/ros2drone/install/drone_navigation/lib/drone_navigation/dwa_planner.py
[1.166s] -- Symlinking: /home/sriram/Documents/projects/ros2drone/install/drone_navigation/share/drone_navigation/config/nav_params.yaml
[1.184s] -- Symlinking: /home/sriram/Documents/projects/ros2drone/install/drone_navigation/share/drone_navigation/launch/__pycache__/navigation.launch.cpython-312.pyc
[1.201s] -- Symlinking: /home/sriram/Documents/projects/ros2drone/install/drone_navigation/share/drone_navigation/launch/__pycache__/navigation.launch.cpython-314.pyc
[1.220s] -- Symlinking: /home/sriram/Documents/projects/ros2drone/install/drone_navigation/share/drone_navigation/launch/navigation.launch.py
[1.239s] -- Symlinking: /home/sriram/Documents/projects/ros2drone/install/drone_navigation/share/ament_index/resource_index/package_run_dependencies/drone_navigation
[1.263s] -- Symlinking: /home/sriram/Documents/projects/ros2drone/install/drone_navigation/share/ament_index/resource_index/parent_prefix_path/drone_navigation
[1.286s] -- Symlinking: /home/sriram/Documents/projects/ros2drone/install/drone_navigation/share/drone_navigation/environment/ament_prefix_path.sh
[1.311s] -- Symlinking: /home/sriram/Documents/projects/ros2drone/install/drone_navigation/share/drone_navigation/environment/ament_prefix_path.dsv
[1.336s] -- Symlinking: /home/sriram/Documents/projects/ros2drone/install/drone_navigation/share/drone_navigation/environment/path.sh
[1.355s] -- Symlinking: /home/sriram/Documents/projects/ros2drone/install/drone_navigation/share/drone_navigation/environment/path.dsv
[1.373s] -- Symlinking: /home/sriram/Documents/projects/ros2drone/install/drone_navigation/share/drone_navigation/local_setup.bash
[1.394s] -- Symlinking: /home/sriram/Documents/projects/ros2drone/install/drone_navigation/share/drone_navigation/local_setup.fish
[1.414s] -- Symlinking: /home/sriram/Documents/projects/ros2drone/install/drone_navigation/share/drone_navigation/local_setup.sh
[1.430s] -- Symlinking: /home/sriram/Documents/projects/ros2drone/install/drone_navigation/share/drone_navigation/local_setup.zsh
[1.447s] -- Symlinking: /home/sriram/Documents/projects/ros2drone/install/drone_navigation/share/drone_navigation/local_setup.dsv
[1.463s] -- Symlinking: /home/sriram/Documents/projects/ros2drone/install/drone_navigation/share/drone_navigation/package.dsv
[1.487s] -- Symlinking: /home/sriram/Documents/projects/ros2drone/install/drone_navigation/share/ament_index/resource_index/packages/drone_navigation
[1.506s] -- Symlinking: /home/sriram/Documents/projects/ros2drone/install/drone_navigation/share/drone_navigation/cmake/drone_navigationConfig.cmake
[1.526s] -- Symlinking: /home/sriram/Documents/projects/ros2drone/install/drone_navigation/share/drone_navigation/cmake/drone_navigationConfig-version.cmake
[1.547s] -- Symlinking: /home/sriram/Documents/projects/ros2drone/install/drone_navigation/share/drone_navigation/package.xml
[1.577s] Invoked command in '/home/sriram/Documents/projects/ros2drone/build/drone_navigation' returned '0': CMAKE_PREFIX_PATH=${CMAKE_PREFIX_PATH}:/opt/ros/lyrical DEBUGINFOD_URLS=https://debuginfod.ubuntu.com PS1=\[\e]0;\u@\h: \w\a\]${debian_chroot:+($debian_chroot)}\[\033[01;32m\]\u@\h\[\033[00m\]:\[\033[01;34m\]\w\[\033[00m\]\$ VIRTUAL_ENV_PROMPT=(venv-ardupilot) /usr/bin/cmake --install /home/sriram/Documents/projects/ros2drone/build/drone_navigation
