[0.035s] Invoking command in '/home/sriram/Documents/projects/ros2drone/build/drone_slam': CMAKE_PREFIX_PATH=${CMAKE_PREFIX_PATH}:/opt/ros/lyrical DEBUGINFOD_URLS=https://debuginfod.ubuntu.com PS1=\[\e]0;\u@\h: \w\a\]${debian_chroot:+($debian_chroot)}\[\033[01;32m\]\u@\h\[\033[00m\]:\[\033[01;34m\]\w\[\033[00m\]\$ VIRTUAL_ENV_PROMPT=(venv-ardupilot) /usr/bin/cmake /home/sriram/Documents/projects/ros2drone/src/drone_slam -DAMENT_CMAKE_SYMLINK_INSTALL=1 -DCMAKE_INSTALL_PREFIX=/home/sriram/Documents/projects/ros2drone/install/drone_slam
[0.103s] [0mCMake Deprecation Warning at CMakeLists.txt:1 (cmake_minimum_required):
[0.103s]   Compatibility with CMake < 3.10 will be removed from a future version of
[0.103s]   CMake.
[0.103s] 
[0.103s]   Update the VERSION argument <min> value.  Or, use the <min>...<max> syntax
[0.104s]   to tell CMake that the project requires at least <min> but has been updated
[0.104s]   to work with policies introduced by <max> or earlier.
[0.104s] 
[0.104s] [0m
[0.130s] -- Found ament_cmake: 2.8.8 (/opt/ros/lyrical/share/ament_cmake/cmake)
[0.451s] -- Override CMake install command with custom implementation using symlinks instead of copying resources
[0.482s] -- Found rosidl_default_generators: 1.8.1 (/opt/ros/lyrical/share/rosidl_default_generators/cmake)
[0.491s] -- Using all available rosidl_typesupport_c: rosidl_typesupport_fastrtps_c;rosidl_typesupport_introspection_c
[0.560s] -- Using all available rosidl_typesupport_cpp: rosidl_typesupport_fastrtps_cpp;rosidl_typesupport_introspection_cpp
[0.631s] -- Found rosidl_adapter: 5.2.1 (/opt/ros/lyrical/share/rosidl_adapter/cmake)
[0.638s] -- Found std_msgs: 5.9.3 (/opt/ros/lyrical/share/std_msgs/cmake)
[0.724s] -- Found geometry_msgs: 5.9.3 (/opt/ros/lyrical/share/geometry_msgs/cmake)
[1.653s] -- Using all available rosidl_typesupport_c: rosidl_typesupport_fastrtps_c;rosidl_typesupport_introspection_c
[1.860s] -- Using all available rosidl_typesupport_cpp: rosidl_typesupport_fastrtps_cpp;rosidl_typesupport_introspection_cpp
[2.366s] -- Found Python3: /usr/bin/python3 (found version "3.14.4") found components: Interpreter Development NumPy Development.Module Development.Embed
[2.434s] -- Found Python3: /usr/bin/python3 (found version "3.14.4") found components: Interpreter
[2.469s] -- Configuring done (2.4s)
[2.563s] -- Generating done (0.1s)
[2.599s] -- Build files have been written to: /home/sriram/Documents/projects/ros2drone/build/drone_slam
[2.607s] Invoked command in '/home/sriram/Documents/projects/ros2drone/build/drone_slam' returned '0': CMAKE_PREFIX_PATH=${CMAKE_PREFIX_PATH}:/opt/ros/lyrical DEBUGINFOD_URLS=https://debuginfod.ubuntu.com PS1=\[\e]0;\u@\h: \w\a\]${debian_chroot:+($debian_chroot)}\[\033[01;32m\]\u@\h\[\033[00m\]:\[\033[01;34m\]\w\[\033[00m\]\$ VIRTUAL_ENV_PROMPT=(venv-ardupilot) /usr/bin/cmake /home/sriram/Documents/projects/ros2drone/src/drone_slam -DAMENT_CMAKE_SYMLINK_INSTALL=1 -DCMAKE_INSTALL_PREFIX=/home/sriram/Documents/projects/ros2drone/install/drone_slam
[2.609s] Invoking command in '/home/sriram/Documents/projects/ros2drone/build/drone_slam': CMAKE_PREFIX_PATH=${CMAKE_PREFIX_PATH}:/opt/ros/lyrical DEBUGINFOD_URLS=https://debuginfod.ubuntu.com PS1=\[\e]0;\u@\h: \w\a\]${debian_chroot:+($debian_chroot)}\[\033[01;32m\]\u@\h\[\033[00m\]:\[\033[01;34m\]\w\[\033[00m\]\$ VIRTUAL_ENV_PROMPT=(venv-ardupilot) /usr/bin/cmake --build /home/sriram/Documents/projects/ros2drone/build/drone_slam -- -j8 -l8
[2.683s] [  2%] Built target drone_slam__rosidl_generator_type_description
[2.685s] [  5%] Built target drone_slam__rs
[2.715s] [  8%] Built target drone_slam__cpp
[2.723s] [ 22%] Built target drone_slam__rosidl_generator_c
[2.767s] [ 31%] Built target drone_slam__rosidl_typesupport_fastrtps_c
[2.770s] [ 40%] Built target drone_slam__rosidl_typesupport_cpp
[2.770s] [ 48%] Built target drone_slam__rosidl_typesupport_introspection_cpp
[2.809s] [ 57%] Built target drone_slam__rosidl_typesupport_c
[2.809s] [ 65%] Built target drone_slam__rosidl_typesupport_introspection_c
[2.817s] [ 74%] Built target drone_slam__rosidl_typesupport_fastrtps_cpp
[2.850s] [ 74%] Built target drone_slam
[2.880s] [ 77%] Built target drone_slam__py
[2.919s] [ 82%] Built target drone_slam__rosidl_generator_py
[2.931s] [ 82%] Built target ament_cmake_python_sync_drone_slam
[2.959s] [ 85%] [1m[32mLinking C shared module rosidl_generator_py/drone_slam/drone_slam_s__rosidl_typesupport_c.so[0m
[2.960s] [ 91%] [1m[32mLinking C shared module rosidl_generator_py/drone_slam/drone_slam_s__rosidl_typesupport_fastrtps_c.so[0m
[2.960s] [ 91%] [1m[32mLinking C shared module rosidl_generator_py/drone_slam/drone_slam_s__rosidl_typesupport_introspection_c.so[0m
[3.039s] [ 94%] Built target drone_slam_s__rosidl_typesupport_c
[3.039s] [ 97%] Built target drone_slam_s__rosidl_typesupport_introspection_c
[3.045s] [100%] Built target drone_slam_s__rosidl_typesupport_fastrtps_c
[3.505s] running egg_info
[3.554s] writing drone_slam.egg-info/PKG-INFO
[3.555s] writing dependency_links to drone_slam.egg-info/dependency_links.txt
[3.555s] writing top-level names to drone_slam.egg-info/top_level.txt
[3.702s] reading manifest file 'drone_slam.egg-info/SOURCES.txt'
[3.706s] writing manifest file 'drone_slam.egg-info/SOURCES.txt'
[3.766s] [100%] Built target ament_cmake_python_build_drone_slam_egg
[3.783s] Invoked command in '/home/sriram/Documents/projects/ros2drone/build/drone_slam' returned '0': CMAKE_PREFIX_PATH=${CMAKE_PREFIX_PATH}:/opt/ros/lyrical DEBUGINFOD_URLS=https://debuginfod.ubuntu.com PS1=\[\e]0;\u@\h: \w\a\]${debian_chroot:+($debian_chroot)}\[\033[01;32m\]\u@\h\[\033[00m\]:\[\033[01;34m\]\w\[\033[00m\]\$ VIRTUAL_ENV_PROMPT=(venv-ardupilot) /usr/bin/cmake --build /home/sriram/Documents/projects/ros2drone/build/drone_slam -- -j8 -l8
[3.785s] Invoking command in '/home/sriram/Documents/projects/ros2drone/build/drone_slam': CMAKE_PREFIX_PATH=${CMAKE_PREFIX_PATH}:/opt/ros/lyrical DEBUGINFOD_URLS=https://debuginfod.ubuntu.com PS1=\[\e]0;\u@\h: \w\a\]${debian_chroot:+($debian_chroot)}\[\033[01;32m\]\u@\h\[\033[00m\]:\[\033[01;34m\]\w\[\033[00m\]\$ VIRTUAL_ENV_PROMPT=(venv-ardupilot) /usr/bin/cmake --install /home/sriram/Documents/projects/ros2drone/build/drone_slam
[3.797s] -- Install configuration: ""
[3.798s] -- Execute custom install script
[3.798s] -- Symlinking: /home/sriram/Documents/projects/ros2drone/install/drone_slam/share/ament_index/resource_index/rosidl_interfaces/drone_slam
[3.814s] -- Symlinking: /home/sriram/Documents/projects/ros2drone/install/drone_slam/share/drone_slam/msg/ElevationGrid.json
[3.830s] -- Symlinking: /home/sriram/Documents/projects/ros2drone/install/drone_slam/include/drone_slam/drone_slam/msg/detail/elevation_grid__functions.h
[3.845s] -- Symlinking: /home/sriram/Documents/projects/ros2drone/install/drone_slam/include/drone_slam/drone_slam/msg/detail/elevation_grid__struct.h
[3.858s] -- Symlinking: /home/sriram/Documents/projects/ros2drone/install/drone_slam/include/drone_slam/drone_slam/msg/detail/elevation_grid__type_support.h
[3.871s] -- Symlinking: /home/sriram/Documents/projects/ros2drone/install/drone_slam/include/drone_slam/drone_slam/msg/elevation_grid.h
[3.884s] -- Symlinking: /home/sriram/Documents/projects/ros2drone/install/drone_slam/include/drone_slam/drone_slam/msg/rosidl_generator_c__visibility_control.h
[3.897s] -- Symlinking: /home/sriram/Documents/projects/ros2drone/install/drone_slam/share/drone_slam/environment/library_path.sh
[3.909s] -- Symlinking: /home/sriram/Documents/projects/ros2drone/install/drone_slam/share/drone_slam/environment/library_path.dsv
[3.922s] -- Symlinking: /home/sriram/Documents/projects/ros2drone/install/drone_slam/include/drone_slam/drone_slam/msg/detail/elevation_grid__rosidl_typesupport_fastrtps_c.h
[3.935s] -- Symlinking: /home/sriram/Documents/projects/ros2drone/install/drone_slam/include/drone_slam/drone_slam/msg/rosidl_typesupport_fastrtps_c__visibility_control.h
[3.947s] -- Symlinking: /home/sriram/Documents/projects/ros2drone/install/drone_slam/include/drone_slam/drone_slam/msg/detail/elevation_grid__rosidl_typesupport_introspection_c.h
[3.958s] -- Symlinking: /home/sriram/Documents/projects/ros2drone/install/drone_slam/include/drone_slam/drone_slam/msg/rosidl_typesupport_introspection_c__visibility_control.h
[3.970s] -- Symlinking: /home/sriram/Documents/projects/ros2drone/install/drone_slam/include/drone_slam/drone_slam/msg/detail/elevation_grid__builder.hpp
[3.983s] -- Symlinking: /home/sriram/Documents/projects/ros2drone/install/drone_slam/include/drone_slam/drone_slam/msg/detail/elevation_grid__struct.hpp
[3.996s] -- Symlinking: /home/sriram/Documents/projects/ros2drone/install/drone_slam/include/drone_slam/drone_slam/msg/detail/elevation_grid__traits.hpp
[4.009s] -- Symlinking: /home/sriram/Documents/projects/ros2drone/install/drone_slam/include/drone_slam/drone_slam/msg/detail/elevation_grid__type_support.hpp
[4.023s] -- Symlinking: /home/sriram/Documents/projects/ros2drone/install/drone_slam/include/drone_slam/drone_slam/msg/elevation_grid.hpp
[4.037s] -- Symlinking: /home/sriram/Documents/projects/ros2drone/install/drone_slam/include/drone_slam/drone_slam/msg/rosidl_generator_cpp__visibility_control.hpp
[4.051s] -- Symlinking: /home/sriram/Documents/projects/ros2drone/install/drone_slam/include/drone_slam/drone_slam/msg/detail/elevation_grid__rosidl_typesupport_fastrtps_cpp.hpp
[4.065s] -- Symlinking: /home/sriram/Documents/projects/ros2drone/install/drone_slam/include/drone_slam/drone_slam/msg/rosidl_typesupport_fastrtps_cpp__visibility_control.h
[4.080s] -- Symlinking: /home/sriram/Documents/projects/ros2drone/install/drone_slam/include/drone_slam/drone_slam/msg/detail/elevation_grid__rosidl_typesupport_introspection_cpp.hpp
[4.094s] -- Symlinking: /home/sriram/Documents/projects/ros2drone/install/drone_slam/share/drone_slam/environment/pythonpath.sh
[4.107s] -- Symlinking: /home/sriram/Documents/projects/ros2drone/install/drone_slam/share/drone_slam/environment/pythonpath.dsv
[4.121s] -- Symlinking: /home/sriram/Documents/projects/ros2drone/install/drone_slam/lib/python3.14/site-packages/drone_slam/drone_slam_s__rosidl_typesupport_fastrtps_c.so
[4.133s] -- Symlinking: /home/sriram/Documents/projects/ros2drone/install/drone_slam/lib/python3.14/site-packages/drone_slam/drone_slam_s__rosidl_typesupport_introspection_c.so
[4.146s] -- Symlinking: /home/sriram/Documents/projects/ros2drone/install/drone_slam/lib/python3.14/site-packages/drone_slam/drone_slam_s__rosidl_typesupport_c.so
[4.158s] -- Symlinking: /home/sriram/Documents/projects/ros2drone/install/drone_slam/share/drone_slam/rust/Cargo.toml
[4.170s] -- Symlinking: /home/sriram/Documents/projects/ros2drone/install/drone_slam/share/drone_slam/rust/build.rs
[4.184s] -- Symlinking: /home/sriram/Documents/projects/ros2drone/install/drone_slam/share/drone_slam/rust/src/lib.rs
[4.197s] -- Symlinking: /home/sriram/Documents/projects/ros2drone/install/drone_slam/share/drone_slam/rust/src/msg.rs
[4.211s] -- Symlinking: /home/sriram/Documents/projects/ros2drone/install/drone_slam/share/drone_slam/rust/src/msg/rmw.rs
[4.223s] -- Symlinking: /home/sriram/Documents/projects/ros2drone/install/drone_slam/share/drone_slam/msg/ElevationGrid.idl
[4.235s] -- Symlinking: /home/sriram/Documents/projects/ros2drone/install/drone_slam/share/drone_slam/msg/ElevationGrid.msg
[4.247s] -- Symlinking: /home/sriram/Documents/projects/ros2drone/install/drone_slam/lib/drone_slam/elevation_mapper.py
[4.260s] -- Symlinking: /home/sriram/Documents/projects/ros2drone/install/drone_slam/share/drone_slam/config/slam_params.yaml
[4.272s] -- Symlinking: /home/sriram/Documents/projects/ros2drone/install/drone_slam/share/drone_slam/launch/__pycache__/slam.launch.cpython-312.pyc
[4.285s] -- Symlinking: /home/sriram/Documents/projects/ros2drone/install/drone_slam/share/drone_slam/launch/__pycache__/slam.launch.cpython-314.pyc
[4.298s] -- Symlinking: /home/sriram/Documents/projects/ros2drone/install/drone_slam/share/drone_slam/launch/slam.launch.py
[4.309s] -- Symlinking: /home/sriram/Documents/projects/ros2drone/install/drone_slam/share/ament_index/resource_index/package_run_dependencies/drone_slam
[4.323s] -- Symlinking: /home/sriram/Documents/projects/ros2drone/install/drone_slam/share/ament_index/resource_index/parent_prefix_path/drone_slam
[4.335s] -- Symlinking: /home/sriram/Documents/projects/ros2drone/install/drone_slam/share/drone_slam/environment/ament_prefix_path.sh
[4.349s] -- Symlinking: /home/sriram/Documents/projects/ros2drone/install/drone_slam/share/drone_slam/environment/ament_prefix_path.dsv
[4.360s] -- Symlinking: /home/sriram/Documents/projects/ros2drone/install/drone_slam/share/drone_slam/environment/path.sh
[4.374s] -- Symlinking: /home/sriram/Documents/projects/ros2drone/install/drone_slam/share/drone_slam/environment/path.dsv
[4.387s] -- Symlinking: /home/sriram/Documents/projects/ros2drone/install/drone_slam/share/drone_slam/local_setup.bash
[4.401s] -- Symlinking: /home/sriram/Documents/projects/ros2drone/install/drone_slam/share/drone_slam/local_setup.fish
[4.414s] -- Symlinking: /home/sriram/Documents/projects/ros2drone/install/drone_slam/share/drone_slam/local_setup.sh
[4.427s] -- Symlinking: /home/sriram/Documents/projects/ros2drone/install/drone_slam/share/drone_slam/local_setup.zsh
[4.443s] -- Symlinking: /home/sriram/Documents/projects/ros2drone/install/drone_slam/share/drone_slam/local_setup.dsv
[4.458s] -- Symlinking: /home/sriram/Documents/projects/ros2drone/install/drone_slam/share/drone_slam/package.dsv
[4.474s] -- Symlinking: /home/sriram/Documents/projects/ros2drone/install/drone_slam/share/ament_index/resource_index/packages/drone_slam
[4.489s] -- Symlinking: /home/sriram/Documents/projects/ros2drone/install/drone_slam/lib/python3.14/site-packages/drone_slam-0.1.0-py3.14.egg-info/PKG-INFO
[4.503s] -- Symlinking: /home/sriram/Documents/projects/ros2drone/install/drone_slam/lib/python3.14/site-packages/drone_slam-0.1.0-py3.14.egg-info/SOURCES.txt
[4.517s] -- Symlinking: /home/sriram/Documents/projects/ros2drone/install/drone_slam/lib/python3.14/site-packages/drone_slam-0.1.0-py3.14.egg-info/dependency_links.txt
[4.532s] -- Symlinking: /home/sriram/Documents/projects/ros2drone/install/drone_slam/lib/python3.14/site-packages/drone_slam-0.1.0-py3.14.egg-info/top_level.txt
[4.549s] -- Symlinking: /home/sriram/Documents/projects/ros2drone/install/drone_slam/lib/python3.14/site-packages/drone_slam/__init__.py
[4.563s] -- Symlinking: /home/sriram/Documents/projects/ros2drone/install/drone_slam/lib/python3.14/site-packages/drone_slam/_drone_slam_s.ep.rosidl_typesupport_c.c
[4.576s] -- Symlinking: /home/sriram/Documents/projects/ros2drone/install/drone_slam/lib/python3.14/site-packages/drone_slam/_drone_slam_s.ep.rosidl_typesupport_fastrtps_c.c
[4.589s] -- Symlinking: /home/sriram/Documents/projects/ros2drone/install/drone_slam/lib/python3.14/site-packages/drone_slam/_drone_slam_s.ep.rosidl_typesupport_introspection_c.c
[4.602s] -- Up-to-date symlink: /home/sriram/Documents/projects/ros2drone/install/drone_slam/lib/python3.14/site-packages/drone_slam/drone_slam_s__rosidl_typesupport_c.so
[4.603s] -- Up-to-date symlink: /home/sriram/Documents/projects/ros2drone/install/drone_slam/lib/python3.14/site-packages/drone_slam/drone_slam_s__rosidl_typesupport_fastrtps_c.so
[4.603s] -- Up-to-date symlink: /home/sriram/Documents/projects/ros2drone/install/drone_slam/lib/python3.14/site-packages/drone_slam/drone_slam_s__rosidl_typesupport_introspection_c.so
[4.603s] -- Symlinking: /home/sriram/Documents/projects/ros2drone/install/drone_slam/lib/python3.14/site-packages/drone_slam/msg/__init__.py
[4.616s] -- Symlinking: /home/sriram/Documents/projects/ros2drone/install/drone_slam/lib/python3.14/site-packages/drone_slam/msg/_elevation_grid.py
[4.629s] -- Symlinking: /home/sriram/Documents/projects/ros2drone/install/drone_slam/lib/python3.14/site-packages/drone_slam/msg/_elevation_grid_s.c
[4.642s] -- Symlinking: /home/sriram/Documents/projects/ros2drone/install/drone_slam/lib/python3.14/site-packages/drone_slam/py.typed
[4.655s] -- Symlinking: /home/sriram/Documents/projects/ros2drone/install/drone_slam/share/drone_slam/cmake/rosidl_cmake-extras.cmake
[4.668s] -- Symlinking: /home/sriram/Documents/projects/ros2drone/install/drone_slam/share/drone_slam/cmake/ament_cmake_export_dependencies-extras.cmake
[4.680s] -- Symlinking: /home/sriram/Documents/projects/ros2drone/install/drone_slam/share/drone_slam/cmake/ament_cmake_export_include_directories-extras.cmake
[4.692s] -- Symlinking: /home/sriram/Documents/projects/ros2drone/install/drone_slam/share/drone_slam/cmake/ament_cmake_export_libraries-extras.cmake
[4.704s] -- Symlinking: /home/sriram/Documents/projects/ros2drone/install/drone_slam/share/drone_slam/cmake/ament_cmake_export_targets-extras.cmake
[4.716s] -- Symlinking: /home/sriram/Documents/projects/ros2drone/install/drone_slam/share/drone_slam/cmake/rosidl_cmake_export_typesupport_targets-extras.cmake
[4.730s] -- Symlinking: /home/sriram/Documents/projects/ros2drone/install/drone_slam/share/drone_slam/cmake/rosidl_cmake_export_typesupport_libraries-extras.cmake
[4.743s] -- Symlinking: /home/sriram/Documents/projects/ros2drone/install/drone_slam/share/drone_slam/cmake/rosidl_cmake_aggregate_target-extras.cmake
[4.755s] -- Symlinking: /home/sriram/Documents/projects/ros2drone/install/drone_slam/share/drone_slam/cmake/drone_slamConfig.cmake
[4.768s] -- Symlinking: /home/sriram/Documents/projects/ros2drone/install/drone_slam/share/drone_slam/cmake/drone_slamConfig-version.cmake
[4.781s] -- Symlinking: /home/sriram/Documents/projects/ros2drone/install/drone_slam/share/drone_slam/package.xml
[4.795s] -- Up-to-date: /home/sriram/Documents/projects/ros2drone/install/drone_slam/lib/libdrone_slam__rosidl_generator_c.so
[4.796s] -- Up-to-date: /home/sriram/Documents/projects/ros2drone/install/drone_slam/lib/libdrone_slam__rosidl_typesupport_fastrtps_c.so
[4.798s] -- Up-to-date: /home/sriram/Documents/projects/ros2drone/install/drone_slam/lib/libdrone_slam__rosidl_typesupport_introspection_c.so
[4.798s] -- Up-to-date: /home/sriram/Documents/projects/ros2drone/install/drone_slam/lib/libdrone_slam__rosidl_typesupport_c.so
[4.799s] -- Up-to-date: /home/sriram/Documents/projects/ros2drone/install/drone_slam/lib/libdrone_slam__rosidl_typesupport_fastrtps_cpp.so
[4.800s] -- Up-to-date: /home/sriram/Documents/projects/ros2drone/install/drone_slam/lib/libdrone_slam__rosidl_typesupport_introspection_cpp.so
[4.800s] -- Up-to-date: /home/sriram/Documents/projects/ros2drone/install/drone_slam/lib/libdrone_slam__rosidl_typesupport_cpp.so
[4.801s] -- Up-to-date: /home/sriram/Documents/projects/ros2drone/install/drone_slam/lib/libdrone_slam__rosidl_generator_py.so
[4.802s] -- Up-to-date: /home/sriram/Documents/projects/ros2drone/install/drone_slam/share/drone_slam/cmake/export_drone_slam__rosidl_generator_cExport.cmake
[4.802s] -- Up-to-date: /home/sriram/Documents/projects/ros2drone/install/drone_slam/share/drone_slam/cmake/export_drone_slam__rosidl_generator_cExport-noconfig.cmake
[4.802s] -- Up-to-date: /home/sriram/Documents/projects/ros2drone/install/drone_slam/share/drone_slam/cmake/export_drone_slam__rosidl_typesupport_fastrtps_cExport.cmake
[4.802s] -- Up-to-date: /home/sriram/Documents/projects/ros2drone/install/drone_slam/share/drone_slam/cmake/export_drone_slam__rosidl_typesupport_fastrtps_cExport-noconfig.cmake
[4.803s] -- Up-to-date: /home/sriram/Documents/projects/ros2drone/install/drone_slam/share/drone_slam/cmake/drone_slam__rosidl_typesupport_introspection_cExport.cmake
[4.803s] -- Up-to-date: /home/sriram/Documents/projects/ros2drone/install/drone_slam/share/drone_slam/cmake/drone_slam__rosidl_typesupport_introspection_cExport-noconfig.cmake
[4.803s] -- Up-to-date: /home/sriram/Documents/projects/ros2drone/install/drone_slam/share/drone_slam/cmake/drone_slam__rosidl_typesupport_cExport.cmake
[4.803s] -- Up-to-date: /home/sriram/Documents/projects/ros2drone/install/drone_slam/share/drone_slam/cmake/drone_slam__rosidl_typesupport_cExport-noconfig.cmake
[4.803s] -- Up-to-date: /home/sriram/Documents/projects/ros2drone/install/drone_slam/share/drone_slam/cmake/export_drone_slam__rosidl_generator_cppExport.cmake
[4.804s] -- Up-to-date: /home/sriram/Documents/projects/ros2drone/install/drone_slam/share/drone_slam/cmake/export_drone_slam__rosidl_typesupport_fastrtps_cppExport.cmake
[4.804s] -- Up-to-date: /home/sriram/Documents/projects/ros2drone/install/drone_slam/share/drone_slam/cmake/export_drone_slam__rosidl_typesupport_fastrtps_cppExport-noconfig.cmake
[4.804s] -- Up-to-date: /home/sriram/Documents/projects/ros2drone/install/drone_slam/share/drone_slam/cmake/drone_slam__rosidl_typesupport_introspection_cppExport.cmake
[4.804s] -- Up-to-date: /home/sriram/Documents/projects/ros2drone/install/drone_slam/share/drone_slam/cmake/drone_slam__rosidl_typesupport_introspection_cppExport-noconfig.cmake
[4.804s] -- Up-to-date: /home/sriram/Documents/projects/ros2drone/install/drone_slam/share/drone_slam/cmake/drone_slam__rosidl_typesupport_cppExport.cmake
[4.804s] -- Up-to-date: /home/sriram/Documents/projects/ros2drone/install/drone_slam/share/drone_slam/cmake/drone_slam__rosidl_typesupport_cppExport-noconfig.cmake
[4.805s] -- Up-to-date: /home/sriram/Documents/projects/ros2drone/install/drone_slam/share/drone_slam/cmake/export_drone_slam__rosidl_generator_pyExport.cmake
[4.805s] -- Up-to-date: /home/sriram/Documents/projects/ros2drone/install/drone_slam/share/drone_slam/cmake/export_drone_slam__rosidl_generator_pyExport-noconfig.cmake
[4.873s] Listing '/home/sriram/Documents/projects/ros2drone/install/drone_slam/lib/python3.14/site-packages/drone_slam'...
[4.873s] Compiling '/home/sriram/Documents/projects/ros2drone/install/drone_slam/lib/python3.14/site-packages/drone_slam/__init__.py'...
[4.874s] Listing '/home/sriram/Documents/projects/ros2drone/install/drone_slam/lib/python3.14/site-packages/drone_slam/msg'...
[4.890s] Invoked command in '/home/sriram/Documents/projects/ros2drone/build/drone_slam' returned '0': CMAKE_PREFIX_PATH=${CMAKE_PREFIX_PATH}:/opt/ros/lyrical DEBUGINFOD_URLS=https://debuginfod.ubuntu.com PS1=\[\e]0;\u@\h: \w\a\]${debian_chroot:+($debian_chroot)}\[\033[01;32m\]\u@\h\[\033[00m\]:\[\033[01;34m\]\w\[\033[00m\]\$ VIRTUAL_ENV_PROMPT=(venv-ardupilot) /usr/bin/cmake --install /home/sriram/Documents/projects/ros2drone/build/drone_slam
