-- The C compiler identification is GNU 15.2.0
-- The CXX compiler identification is GNU 15.2.0
-- Detecting C compiler ABI info
-- Detecting C compiler ABI info - done
-- Check for working C compiler: /usr/bin/cc - skipped
-- Detecting C compile features
-- Detecting C compile features - done
-- Detecting CXX compiler ABI info
-- Detecting CXX compiler ABI info - done
-- Check for working CXX compiler: /usr/bin/c++ - skipped
-- Detecting CXX compile features
-- Detecting CXX compile features - done
-- Found ament_cmake: 2.8.8 (/opt/ros/lyrical/share/ament_cmake/cmake)
-- Found ament_lint_auto: 0.20.6 (/opt/ros/lyrical/share/ament_lint_auto/cmake)
-- Added test 'copyright' to check source files copyright and LICENSE
-- Added test 'flake8' to check Python code syntax and style conventions
-- Configured 'flake8' exclude dirs and/or files: 
-- Added test 'lint_cmake' to check CMake code style
-- Added test 'pep257' to check Python code against some of the docstring style conventions in PEP 257
-- Added test 'xmllint' to check XML markup files
-- Configuring done (3.7s)
-- Generating done (0.0s)
-- Build files have been written to: /home/sriram/Documents/projects/ros2drone/build/drone_control
-- Install configuration: ""
-- Installing: /home/sriram/Documents/projects/ros2drone/install/drone_control/lib/drone_control/gimbal_controller.py
-- Installing: /home/sriram/Documents/projects/ros2drone/install/drone_control/lib/drone_control/pixhawk_bridge.py
-- Installing: /home/sriram/Documents/projects/ros2drone/install/drone_control/share/drone_control/config
-- Installing: /home/sriram/Documents/projects/ros2drone/install/drone_control/share/drone_control/config/control_params.yaml
-- Installing: /home/sriram/Documents/projects/ros2drone/install/drone_control/share/drone_control/launch
-- Installing: /home/sriram/Documents/projects/ros2drone/install/drone_control/share/drone_control/launch/control.launch.py
-- Installing: /home/sriram/Documents/projects/ros2drone/install/drone_control/share/drone_control/launch/__pycache__
-- Installing: /home/sriram/Documents/projects/ros2drone/install/drone_control/share/drone_control/launch/__pycache__/control.launch.cpython-314.pyc
-- Installing: /home/sriram/Documents/projects/ros2drone/install/drone_control/share/drone_control/launch/__pycache__/control.launch.cpython-312.pyc
-- Installing: /home/sriram/Documents/projects/ros2drone/install/drone_control/share/ament_index/resource_index/package_run_dependencies/drone_control
-- Installing: /home/sriram/Documents/projects/ros2drone/install/drone_control/share/ament_index/resource_index/parent_prefix_path/drone_control
-- Installing: /home/sriram/Documents/projects/ros2drone/install/drone_control/share/drone_control/environment/ament_prefix_path.sh
-- Installing: /home/sriram/Documents/projects/ros2drone/install/drone_control/share/drone_control/environment/ament_prefix_path.dsv
-- Installing: /home/sriram/Documents/projects/ros2drone/install/drone_control/share/drone_control/environment/path.sh
-- Installing: /home/sriram/Documents/projects/ros2drone/install/drone_control/share/drone_control/environment/path.dsv
-- Installing: /home/sriram/Documents/projects/ros2drone/install/drone_control/share/drone_control/local_setup.bash
-- Installing: /home/sriram/Documents/projects/ros2drone/install/drone_control/share/drone_control/local_setup.fish
-- Installing: /home/sriram/Documents/projects/ros2drone/install/drone_control/share/drone_control/local_setup.sh
-- Installing: /home/sriram/Documents/projects/ros2drone/install/drone_control/share/drone_control/local_setup.zsh
-- Installing: /home/sriram/Documents/projects/ros2drone/install/drone_control/share/drone_control/local_setup.dsv
-- Installing: /home/sriram/Documents/projects/ros2drone/install/drone_control/share/drone_control/package.dsv
-- Installing: /home/sriram/Documents/projects/ros2drone/install/drone_control/share/ament_index/resource_index/packages/drone_control
-- Installing: /home/sriram/Documents/projects/ros2drone/install/drone_control/share/drone_control/cmake/drone_controlConfig.cmake
-- Installing: /home/sriram/Documents/projects/ros2drone/install/drone_control/share/drone_control/cmake/drone_controlConfig-version.cmake
-- Installing: /home/sriram/Documents/projects/ros2drone/install/drone_control/share/drone_control/package.xml
